=== dsct_M1.85_T7555  (M=1.85, log g=4.010, MW23 Teff=7555) ===
    host=compute-1-38.local.tier3-atlas.uta.edu  cores=16  started Tue Aug 25 06:03:21 PM CDT 2026
    workdir=/net/nas-1-16/users/home2/txr7972/Stellar
    MESA_DIR=/net/nas-1-16/users/home2/txr7972/soft/mesa-26.04.1
    GYRE_DIR=/net/nas-1-16/users/home2/txr7972/soft/gyre-9.1.1

--- [dsct_M1.85_T7555] MESA already run; skipping (--force-all to redo)

--- [dsct_M1.85_T7555] selecting profile at log g = 4.010
matching on log g = 4.010   (400 profiles)

         profile   model     Teff   R/Rsun    logL    logg   nu_dyn     X_c
---------------------------------------------------------------------------
 profile381.data    1389   7503.5    2.226   1.151   4.010    3.535  0.3726
 profile382.data    1390   7502.7    2.227   1.151   4.010    3.533  0.3723
 profile380.data    1388   7504.4    2.226   1.151   4.010    3.536  0.3728
 profile379.data    1387   7505.2    2.225   1.151   4.011    3.538  0.3730
 profile378.data    1386   7506.0    2.224   1.151   4.011    3.540  0.3733
 profile377.data    1385   7506.8    2.224   1.151   4.011    3.541  0.3735
 profile376.data    1384   7507.6    2.223   1.151   4.011    3.543  0.3737
 profile375.data    1383   7508.5    2.222   1.151   4.012    3.544  0.3740

selected: LOGS/profile381.data
GYRE input: LOGS/profile381.data.GYRE

  R_Rsun             2.226   expect     2.226 +/- 0.020   OK
  logg               4.010   expect     4.010 +/- 0.005   OK
  dyn_freq_cpd       3.535   expect     3.534 +/- 0.040   OK

  Teff 7503.5 K, -51.5 K vs MW23
  detuning cut 0.15*nu_dyn = 0.530 c/d
    -> profile381.data.GYRE

--- [dsct_M1.85_T7555] generating GYRE inlists
    backed up gyre_ad.in -> gyre_ad.in.handwritten
    backed up gyre_ad_wide_hi.in -> gyre_ad_wide_hi.in.handwritten
    backed up gyre_ad_wide.in -> gyre_ad_wide.in.handwritten
    backed up gyre_nad.in -> gyre_nad.in.handwritten
    backed up gyre_nad_wide_hi.in -> gyre_nad_wide_hi.in.handwritten
    backed up gyre_nad_wide.in -> gyre_nad_wide.in.handwritten

dsct_M1.85_T7555:  nu_dyn=3.5349  Dnu=4.589  nu_ac=125.1  K=16.969 c/d
  core scan 0.99-30.8-117.2 c/d;  daughter band 2.10-6.41 c/d  (scaled)
  wrote models/dsct_M1.85_T7555/gyre/gyre_ad.in
  wrote models/dsct_M1.85_T7555/gyre/gyre_nad.in
  gnet pass 1 (l 2-15): 643 modes;  pass 2 (l 16-25): 1144 modes
  wrote models/dsct_M1.85_T7555/gyre/gyre_ad_wide.in
  wrote models/dsct_M1.85_T7555/gyre/gyre_nad_wide.in
  wrote models/dsct_M1.85_T7555/gyre/gyre_ad_wide_hi.in
  wrote models/dsct_M1.85_T7555/gyre/gyre_nad_wide_hi.in

--- [dsct_M1.85_T7555] GYRE narrow net (l <= 3, |n_pg| <= 20)
    gyre_ad.in: summary_ad.h5 exists, skipping
    gyre_nad.in: summary_nad.h5 exists, skipping
=== adiabatic (summary_ad.h5, windows from gyre_ad.in) ===
142 modes total, 4 l values requested

  l  count     n_pg range       freq range (c/d)   gaps
--------------------------------------------------------
  0     20      1 ..   20     12.557 ..   93.224      0
  1     40    -20 ..   20      1.145 ..   95.313      0
  2     41    -20 ..   20      1.977 ..   97.388      0
  3     41    -20 ..   20      2.783 ..   99.244      0

142 detail files, 7165 grid points in detail.l2.n+19.h5
dlnrho/dlnr from (As, V_2, Gamma_1) vs numerical
  median rel err 3.74e-07, 95th pct 2.72e-04

=== nonadiabatic (summary_nad.h5) ===

41 driven modes (gamma < 0) of 142
  driven n_pg range -5 .. 8,  freq 8.19 .. 39.83 c/d
  mostly p-modes, as expected for the kappa mechanism
  damping rates (dimensionless): 2.576e-10 .. 1.019e-01
  gamma covers 142 of 142 adiabatic modes (0 duplicate n_pg labels in the nad summary, harmless)

OK

--- [dsct_M1.85_T7555] coupling tables: triplets, kappa, observables
    out/observables_dsct_M1.85_T7555.csv exists, skipping

--- [dsct_M1.85_T7555] GYRE wide net pass 1 (l <= 15)
    gyre_ad_wide.in: summary_ad_wide.h5 exists, skipping
    gyre_nad_wide.in: summary_nad_wide.h5 exists, skipping
=== adiabatic (summary_ad_wide.h5, windows from gyre_ad_wide.in) ===
908 modes total, 16 l values requested

  l  count     n_pg range       freq range (c/d)   gaps
--------------------------------------------------------
  0     20      1 ..   20     12.557 ..   93.224      0
  1     40    -20 ..   20      1.145 ..   95.313      0
  2     41    -20 ..   20      1.977 ..   97.388      0
  3     49    -28 ..   20      2.026 ..   99.244      0
  4     57    -36 ..   20      2.037 ..  100.872      0
  5     65    -44 ..   20      2.060 ..  102.379      0
  6     73    -52 ..   20      2.076 ..  103.807      0
  7     41    -60 ..  -20      2.076 ..    5.820      0
  8     46    -68 ..  -23      2.086 ..    5.701      0
  9     51    -76 ..  -26      2.090 ..    5.714      0
 10     57    -84 ..  -28      2.090 ..    5.845      0
 11     62    -92 ..  -31      2.095 ..    5.772      0
 12     68   -101 ..  -34      2.078 ..    5.768      0
 13     74   -109 ..  -36      2.078 ..    5.845      0
 14     79   -117 ..  -39      2.082 ..    5.857      0
 15     85   -125 ..  -41      2.084 ..    5.923      0

2052 detail files, 7325 grid points in detail.l20.n-97.h5
dlnrho/dlnr from (As, V_2, Gamma_1) vs numerical
  median rel err 3.83e-07, 95th pct 2.82e-04

=== nonadiabatic (summary_nad_wide.h5) ===

81 driven modes (gamma < 0) of 901
  driven n_pg range -8 .. 8,  freq 8.19 .. 39.88 c/d
  mostly p-modes, as expected for the kappa mechanism
  damping rates (dimensionless): 2.576e-10 .. 1.153e-01
  gamma covers 900 of 908 adiabatic modes (5 duplicate n_pg labels in the nad summary, harmless)
    no gamma: l =  4  n_pg =   -36  2.0368 c/d
    no gamma: l =  5  n_pg =   -44  2.0601 c/d
    no gamma: l =  6  n_pg =     6  44.3474 c/d
    no gamma: l =  6  n_pg =   -52  2.0759 c/d
    no gamma: l =  7  n_pg =   -60  2.0755 c/d
    no gamma: l =  8  n_pg =   -68  2.0863 c/d
    no gamma: l =  9  n_pg =   -76  2.0896 c/d
    no gamma: l = 10  n_pg =   -84  2.0896 c/d
  pass require_gamma=True to build_mode_list to drop these

OK
nas-1-16:/users/home2/txr7972   24T   22T  1.4T  95% /net/nas-1-16/users/home2/txr7972

--- [dsct_M1.85_T7555] GYRE wide net pass 2 (l = 16-25)
    gyre_ad_wide_hi.in: summary_ad_wide_hi.h5 exists, skipping
    gyre_nad_wide_hi.in: summary_nad_wide_hi.h5 exists, skipping
=== adiabatic (summary_ad_wide_hi.h5, windows from gyre_ad_wide_hi.in) ===
1144 modes total, 10 l values requested

  l  count     n_pg range       freq range (c/d)   gaps
--------------------------------------------------------
 16     90   -133 ..  -44      2.084 ..    5.909      0
 17     95   -141 ..  -47      2.087 ..    5.861      0
 18    101   -149 ..  -49      2.089 ..    5.936      0
 19    106   -157 ..  -52      2.088 ..    5.920      0
 20    111   -165 ..  -55      2.090 ..    5.881      0
 21    117   -173 ..  -57      2.091 ..    5.965      0
 22    123   -182 ..  -60      2.079 ..    5.915      0
 23    128   -190 ..  -63      2.082 ..    5.913      0
 24    134   -198 ..  -65      2.082 ..    5.954      0
 25    139   -206 ..  -68      2.082 ..    5.948      0

2052 detail files, 7325 grid points in detail.l20.n-97.h5
dlnrho/dlnr from (As, V_2, Gamma_1) vs numerical
  median rel err 3.83e-07, 95th pct 2.82e-04

=== nonadiabatic (summary_nad_wide_hi.h5) ===

0 driven modes (gamma < 0) of 1144
  damping rates (dimensionless): 5.191e-06 .. 1.641e-03
  gamma covers 1142 of 1144 adiabatic modes (21 duplicate n_pg labels in the nad summary, harmless)
    no gamma: l = 21  n_pg =  -162  2.2303 c/d
    no gamma: l = 22  n_pg =  -155  2.4363 c/d
  pass require_gamma=True to build_mode_list to drop these

OK

--- [dsct_M1.85_T7555] four-mode search
    out/four_mode_dsct_M1.85_T7555.csv exists, skipping

--- [dsct_M1.85_T7555] mixed network integration
1318760 daughter candidates, 0 above threshold at q = 1e-06

system: a(4,+2)  b(4,+3)  c(8,-31)  d(8,-65)
  a(4,+2)        f  25.1771 c/d   gamma -7.702e-08 s^-1
  b(4,+3)        f  29.5292 c/d   gamma -2.357e-07 s^-1
  c(8,-31)       f   4.3519 c/d   gamma +1.281e-10 s^-1
  d(8,-65)       f   2.1761 c/d   gamma +2.756e-08 s^-1
  leg [b(4,+3)  a(4,+2)  c(8,-31)]  kappa +7.102  Delta -2.701e-04 c/d
  leg [c(8,-31)  d(8,-65)  d(8,-65)]  kappa -0.784  Delta +3.633e-04 c/d
  E_c_over_E_th 3.453e-06 at q = 1e-6

parent amplitude 6.959e-05 (3x the default for daughter)
pumped system, t_end 12.91 yr, frozen: a(4,+2), b(4,+3)

integrated 1.291e+01 yr
  E_a(4,+2)        start 4.843e-09  end 4.843e-09  max 4.843e-09
  E_b(4,+3)        start 4.843e-09  end 4.843e-09  max 4.843e-09
  E_c(8,-31)       start 4.843e-15  end 1.068e-08  max 1.507e-06
  E_d(8,-65)       start 4.843e-15  end 6.665e-08  max 1.532e-06
  c(8,-31) energy swing over the second half: 2.298
  d(8,-65) energy swing over the second half: 0.684

  q_c vs 2 mu q_a q_b at 0.5x threshold (sub-threshold, slaved): median 6.020e-03
  E_d there: start 5.381e-18 -> end 0.000e+00 (decays, as it must below threshold)

-> out/mixed_network_dsct_M1.85_T7555.csv

--- [dsct_M1.85_T7555] figures
model models/dsct_M1.85_T7555  tag dsct_M1.85_T7555  -> out/plots/dsct_M1.85_T7555
loading narrow model...
figures:
  fig_propagation
  fig_gamma
  fig_gamma_panels
  fig_kappa_cum
  fig_xi_kappa_p
  fig_xi_kappa_g
  fig_mu
  fig_eth
  fig_channels
  fig_channels_pg_types
  fig_detuning
  fig_lowfreq
  fig_eth_pg
  fig_detuning_pg
  fig_pg_census
  fig_spectrum
  fig_fourmode
  fig_limit_cycle
  fig_lconv
  fig_l_ingredients
  fig_amplitude_sweep
  fig_daughter_energy
done -> out/plots/dsct_M1.85_T7555
cross-model figures -> out/plots
  dropped 2643 of 71545 rows with non-finite gamma/mu [dsct_M2.2_T7888]
  fig_rank
  dropped 2643 of 71545 rows with non-finite gamma/mu [dsct_M2.2_T7888]
  fig_daughter

=== dsct_M1.85_T7555 done Tue Aug 25 06:05:33 PM CDT 2026 ===
