    (re)creating .venv
=== dsct_M2.0  (M=2.0, log g=3.900, MW23 Teff=7696) ===
    host=compute-1-23.local.tier3-atlas.uta.edu  cores=16  started Mon Aug 10 11:19:49 PM CDT 2026
    workdir=/net/nas-1-16/users/home2/txr7972/Stellar
    MESA_DIR=/net/nas-1-16/users/home2/txr7972/soft/mesa-26.04.1
    GYRE_DIR=/net/nas-1-16/users/home2/txr7972/soft/gyre-9.1.1

--- [dsct_M2.0] MESA
gfortran -Wno-uninitialized -fno-range-check -fmax-errors=7 -fdiagnostics-color  -fprotect-parens -fno-sign-zero -fbacktrace -ggdb -finit-real=snan -fopenmp -fbounds-check -Wuninitialized -Warray-bounds -ggdb -ffree-form -ffree-line-length-none -x f95-cpp-input -std=f2008 -Wno-error=tabs -I/net/nas-1-16/users/home2/txr7972/soft/mesa-26.04.1/include -I../src -c ../src/run_star_extras.f90
gfortran -Wno-uninitialized -fno-range-check -fmax-errors=7 -fdiagnostics-color  -fprotect-parens -fno-sign-zero -fbacktrace -ggdb -finit-real=snan -fopenmp -fbounds-check -Wuninitialized -Warray-bounds -ggdb -ffree-form -ffree-line-length-none -x f95-cpp-input -std=f2008 -Wno-error=tabs -I/net/nas-1-16/users/home2/txr7972/soft/mesa-26.04.1/include -I../src -c /net/nas-1-16/users/home2/txr7972/soft/mesa-26.04.1/star/job/run_star.f90
gfortran -Wno-uninitialized -fno-range-check -fmax-errors=7 -fdiagnostics-color  -fprotect-parens -fno-sign-zero -fbacktrace -ggdb -finit-real=snan -fopenmp -fbounds-check -Wuninitialized -Warray-bounds -ggdb -ffree-form -ffree-line-length-none -x f95-cpp-input -std=f2008 -Wno-error=tabs -I/net/nas-1-16/users/home2/txr7972/soft/mesa-26.04.1/include -I../src -c ../src/run.f90
gfortran -fopenmp -o ../star  run_star_extras.o run_star.o run.o  -L/net/nas-1-16/users/home2/txr7972/soft/mesa-26.04.1/lib -lstar -lstar_data -lgyre_mesa -lgyre -lionization -latm -lcolors -lturb -lnet -leos -lkap -lrates -lneu -lchem -linterp_2d -linterp_1d -lnum -lauto_diff -lforum -lmtx -lconst -lmath -lutils `mesasdk_crmath_link` `mesasdk_lapack95_link` `mesasdk_lapack_link` `mesasdk_blas_link` `mesasdk_hdf5_link`  `mesasdk_pgplot_link` -lz 
DATE: 2026-08-10
TIME: 23:20:01
 reading user weak rate file /net/nas-1-16/users/home2/txr7972/soft/mesa-26.04.1/data/rates_data/rate_tables/S13_r_be7_wk_li7.h5
 version_number r26.4.1
 read inlist_project


 The terminal output contains the following information

      'step' is the number of steps since the start of the run,
      'lg_dt' is log10 timestep in years,
      'age_yr' is the simulated years since the start run,
      'lg_Tcntr' is log10 center temperature (K),
      'lg_Dcntr' is log10 center density (g/cm^3),
      'lg_Tmax' is log10 max temperature (K),
      'Teff' is the surface temperature (K),
      'lg_R' is log10 surface radius (Rsun),
      'lg_L' is log10 surface luminosity (Lsun),
      'lg_LH' is log10 total PP and CNO hydrogen burning power (Lsun),
      'lg_L3a' is log10 total triple-alpha helium burning power (Lsun),
      'lg_gsurf' is log10 surface gravity,
      'lg_Lnuc' is log10 nuclear power (Lsun),
      'lg_Lneu' is log10 total neutrino power (Lsun),
      'lg_Lphoto' is log10 total photodisintegration (Lsun),
      'Mass' is the total stellar baryonic mass (Msun),
      'lg_Mdot' is log10 magnitude of rate of change of mass (Msun/year),
      'lg_Dsurf' is log10 surface density (g/cm^3),
      'H_env' is the amount of mass where H is dominant,
      'He_core' is the largest mass where He is dominant.
      'CO_core' is the largest mass where CO is dominant.
      'H_cntr' is the center H1 mass fraction,
      'He_cntr' is the center He4 mass fraction,
      'C_cntr' is the center C12 mass fraction,
      'N_cntr' is the center N14 mass fraction,
      'O_cntr' is the center O16 mass fraction,
      'Ne_cntr' is the center Ne20 mass fraction,
      'gam_cntr' is the center plasma interaction parameter,
      'eta_cntr' is the center electron degeneracy parameter,
      'zones' is the number of zones in the current model,
      'iters' is the number of solver iterations for the current step,
      'retry' is the number of step retries required during the run,
      'dt_limit' is an indication of what limited the timestep.

 All this and more are saved in the LOGS directory during the run.
 create pre-main-sequence model
                                          species  mass          25    2.0000000000000000D+00
write /net/nas-1-16/users/home2/txr7972/soft/mesa-26.04.1/data/kap_data/cache/a09_z0.02_x0.5.bin
write /net/nas-1-16/users/home2/txr7972/soft/mesa-26.04.1/data/kap_data/cache/a09_z0.02_x0.7.bin

                                        relax_num_steps         300

write /net/nas-1-16/users/home2/txr7972/soft/mesa-26.04.1/data/kap_data/cache/lowT_fa05_a09p_z0.02_x0.5.bin
write /net/nas-1-16/users/home2/txr7972/soft/mesa-26.04.1/data/kap_data/cache/lowT_fa05_a09p_z0.02_x0.7.bin
write /net/nas-1-16/users/home2/txr7972/soft/mesa-26.04.1/data/kap_data/cache/lowT_fa05_a09p_z0.03_x0.5.bin
write /net/nas-1-16/users/home2/txr7972/soft/mesa-26.04.1/data/kap_data/cache/lowT_fa05_a09p_z0.03_x0.7.bin
 hydro_solver_step returned ierr          -1
 s% model_number           1
 nz        1554
 s% num_retries           0

 retry:  logT < hydro_mtx_min_allowed_logT         552       1
         50   5.477177   4586.413 -21.930392 -21.930392   2.000000   2.000000   0.700000   0.001035   0.280000  -9.391578   5955      1
-5.0000E+00   5.476746   1.758337 -99.000000 -22.574399 -99.000000   0.000000   0.280000   0.008572   0.020000   0.045608      3
 4.8483E-04  -3.884217   3.117261 -99.000000 -99.000000  -8.416289   0.000000   0.003501   0.001867   0.020000  0.000E+00        max_dt

        100   5.477177   4348.535 -21.930392 -21.930392   2.000000   2.000000   0.700000   0.001035   0.280000  -9.391578   5958      1
-5.0000E+00   5.476746   1.757478 -99.000000 -22.574399 -99.000000   0.000000   0.280000   0.008572   0.020000   0.045608      3
 9.8483E-04  -3.884217   3.023022 -99.000000 -99.000000  -8.393146   0.000000   0.003501   0.001867   0.020000  0.000E+00        max_dt

        150   5.477177   4222.778 -21.930390 -21.930390   2.000000   2.000000   0.700000   0.001035   0.280000  -9.391578   5949      1
-5.0000E+00   5.476746   1.756891 -99.000000 -22.574397 -99.000000   0.000000   0.280000   0.008572   0.020000   0.045608      3
 1.4848E-03  -3.884217   2.970868 -99.000000 -99.000000  -8.371458   0.000000   0.003501   0.001867   0.020000  0.000E+00        max_dt

        200   5.477177   4142.704 -21.930388 -21.930388   2.000000   2.000000   0.700000   0.001035   0.280000  -9.391578   5949      1
-5.0000E+00   5.476746   1.756448 -99.000000 -22.574395 -99.000000   0.000000   0.280000   0.008572   0.020000   0.045608      2
 1.9848E-03  -3.884217   2.936724 -37.628749 -99.000000  -8.353381   0.000000   0.003501   0.001867   0.020000  0.000E+00        max_dt

        250   5.477178   4086.294 -21.930386 -21.930386   2.000000   2.000000   0.700000   0.001035   0.280000  -9.391578   5951      1
-5.0000E+00   5.476746   1.756089 -99.000000 -22.574393 -99.000000   0.000000   0.280000   0.008572   0.020000   0.045608      2
 2.4848E-03  -3.884216   2.912190 -37.628749 -99.000000  -8.337593   0.000000   0.003501   0.001867   0.020000  0.000E+00        max_dt

        300   5.477178   4043.984 -21.930384 -21.930384   2.000000   2.000000   0.700000   0.001035   0.280000  -9.391578   5949      1
-5.0000E+00   5.476746   1.755786 -99.000000 -22.574391 -99.000000   0.000000   0.280000   0.008572   0.020000   0.045608      2
 2.9848E-03  -3.884216   2.893504 -99.000000 -99.000000  -8.323446   0.000000   0.003501   0.001867   0.020000  0.000E+00        max_dt


 finished doing relax num steps


                                relax_to_radiative_core

write /net/nas-1-16/users/home2/txr7972/soft/mesa-26.04.1/data/kap_data/cache/lowT_fa05_a09p_z0.02_x0.8.bin
write /net/nas-1-16/users/home2/txr7972/soft/mesa-26.04.1/data/kap_data/cache/lowT_fa05_a09p_z0.03_x0.8.bin
         50   5.550114   3795.763 -20.561038 -20.561038   2.000000   2.000000   0.700000   0.001035   0.280000  -9.159148   5950      0
 1.2037E+00   5.550114   1.673594 -99.000000 -21.205045 -99.000000   0.000000   0.280000   0.008572   0.020000   0.045288      3
 3.9592E+02  -3.673303   2.619079 -99.000000 -99.000000  -8.085465   0.000000   0.003501   0.001867   0.020000  0.000E+00    varcontrol

             relative mass of radiative core still tiny          50    1.9533053344927831D-08
        100   5.667729   3930.045 -18.446971 -18.446971   2.000000   2.000000   0.700000   0.001035   0.280000  -8.756800   6018      0
 1.5112E+00   5.667729   1.549061 -99.000000 -19.090977 -99.000000   0.000000   0.280000   0.008572   0.020000   0.045223      3
 1.5678E+03  -3.322305   2.430405 -99.000000 -99.000000  -8.017925   0.000000   0.003501   0.001867   0.020000  0.000E+00    varcontrol

             relative mass of radiative core still tiny         100    1.9533050902437177D-08
        150   5.784621   4064.216 -16.499546 -16.499546   2.000000   2.000000   0.700000   0.001035   0.280000  -8.354428   6089      0
 1.8147E+00   5.784621   1.426229 -99.000000 -17.143552 -99.000000   0.000000   0.280000   0.008572   0.020000   0.045197      3
 3.9339E+03  -2.972391   2.243059 -32.210210 -99.000000  -7.936059   0.000000   0.003501   0.001867   0.020000  0.000E+00    varcontrol

             relative mass of radiative core still tiny         150    1.9533053122883226D-08
        200   5.900721   4196.292 -14.703611 -14.703611   2.000000   2.000000   0.700000   0.001035   0.280000  -7.953190   6159      0
 2.1155E+00   5.900721   1.305149 -99.000000 -15.347618 -99.000000   0.000000   0.280000   0.008572   0.020000   0.045194      3
 8.6743E+03  -2.624181   2.056453 -30.404030 -99.000000  -7.841596   0.000000   0.003501   0.001867   0.020000  0.000E+00    varcontrol

             relative mass of radiative core still tiny         200    1.9533052678794016D-08
        250   6.015990   4323.588 -13.045344 -13.045344   2.000000   2.000000   0.700000   0.001035   0.280000  -7.553689   6229      0
 2.4150E+00   6.015990   1.185763 -99.000000 -13.689351 -99.000000   0.000000   0.280000   0.008572   0.020000   0.045206      3
 1.8133E+04  -2.278008   1.869598 -99.000000 -99.000000  -7.742841   0.000000   0.003501   0.001867   0.020000  0.000E+00    varcontrol

             relative mass of radiative core still tiny         250    1.9533052900838621D-08
        300   6.130478   4444.771 -11.512302 -11.512302   2.000000   2.000000   0.700000   0.001035   0.280000  -7.157315   6290      0
 2.7138E+00   6.130478   1.068000 -99.000000 -12.156327 -99.000000   0.000000   0.280000   0.008572   0.020000   0.045213      3
 3.6967E+04  -1.934355   1.682092 -99.000000 -99.000000  -7.639933   0.000000   0.003501   0.001867   0.020000  0.000E+00    varcontrol

             relative mass of radiative core still tiny         300    1.9533053566972436D-08
        350   6.244098   4558.417 -10.092429 -10.092429   2.000000   2.000000   0.700000   0.001035   0.280000  -6.764581   6347      0
 3.0127E+00   6.244098   0.951778 -99.000000 -10.737399 -99.000000   0.000000   0.280000   0.008572   0.020000   0.045211      3
 7.4444E+04  -1.593550   1.493507 -99.000000 -99.000000  -7.530640   0.000000   0.003501   0.001867   0.020000  0.000E+00    varcontrol

             relative mass of radiative core still tiny         350    1.9533053122883226D-08
        400   6.356771   4661.611  -8.747360  -8.747360   2.000000   2.000000   0.700000   0.001035   0.280000  -6.375678   6409      0
 3.3124E+00   6.356771   0.837031 -99.000000  -9.422647 -99.000000   0.000000   0.280000   0.008572   0.020000   0.045202      3
 1.4909E+05  -1.255781   1.302900 -99.000000 -99.000000  -7.417751   0.000000   0.003501   0.001867   0.020000  0.000E+00    varcontrol

             relative mass of radiative core still tiny         400    1.9533057341730720D-08
        450   6.468399   4750.950  -7.108060  -7.108060   2.000000   2.000000   0.700000   0.001035   0.280000  -5.990220   6461      0
 3.6141E+00   6.468399   0.723694 -99.000000  -8.202825 -99.000000   0.000000   0.280000   0.008572   0.020000   0.045197      3
 2.9829E+05  -0.921062   1.109204 -99.000000 -99.000000  -7.304380   0.000000   0.003501   0.001867   0.020000  0.000E+00    varcontrol

             relative mass of radiative core still tiny         450    1.9533054677195461D-08
                 finished relax to begin radiative core         461    1.8405004514051963D-03

 finished doing relax_to_radiative_core

 read profile_columns.list
                             set_initial_number_retries           0
 net name pp_and_cno_extras.net
                                      atm_option: T_tau
 kap_option a09
 kap_CO_option a09_co
 kap_lowT_option lowT_fa05_a09p
                                        OMP_NUM_THREADS          16


dsct_M2.0: will stop at first post-ZAMS model with log g <=    3.9000
__________________________________________________________________________________________________________________________________________________

       step    lg_Tmax     Teff     lg_LH      lg_Lnuc_tot Mass       H_rich     H_cntr     N_cntr     Y_surf   eta_cntr   zones  retry
  lg_dt_yrs    lg_Tcntr    lg_R     lg_L3a     lg_Lneu     lg_Mdot    He_core    He_cntr    O_cntr     Z_surf   gam_cntr   iters  
    age_yrs    lg_Dcntr    lg_L     lg_LZ      lg_Lphoto   lg_Dsurf   CO_core    C_cntr     Ne_cntr    Z_cntr   v_div_cs       dt_limit
__________________________________________________________________________________________________________________________________________________

save LOGS/profile1.data LOGS/profile1.data.GYRE for model 1
         50   6.492742   4838.096  -6.560665  -6.560665   2.000000   2.000000   0.700000   0.001035   0.280000  -5.905456   6473      0
-1.1201E+00   6.492742   0.698856 -99.000000  -7.946354 -99.000000   0.000000   0.280000   0.008572   0.020000   0.045206      2
 4.5497E-01  -0.847764   1.091103 -99.000000 -99.000000  -7.109762   0.000000   0.003501   0.001867   0.020000  0.000E+00  max increase

save photos/x050 for model 50
write /net/nas-1-16/users/home2/txr7972/soft/mesa-26.04.1/data/kap_data/cache/a09_z0.01_x0.7.bin
write /net/nas-1-16/users/home2/txr7972/soft/mesa-26.04.1/data/kap_data/cache/a09_z0.01_x0.5.bin
write /net/nas-1-16/users/home2/txr7972/soft/mesa-26.04.1/data/kap_data/cache/lowT_fa05_a09p_z0.01_x0.5.bin
write /net/nas-1-16/users/home2/txr7972/soft/mesa-26.04.1/data/kap_data/cache/lowT_fa05_a09p_z0.01_x0.7.bin
        100   6.494785   4839.558  -6.307765  -6.307765   2.000000   2.000000   0.700000   0.001035   0.280000  -5.898669   6472      0
 2.8389E+00   6.494785   0.696815 -99.000000  -7.925349 -99.000000   0.000000   0.280000   0.008572   0.020000   0.045202      3
 4.1409E+03  -0.841754   1.087546 -99.000000 -99.000000  -7.107782   0.000000   0.003501   0.001867   0.020000  0.000E+00  max increase

save LOGS/profile2.data LOGS/profile2.data.GYRE for model 100
save photos/x100 for model 100
        150   6.582995   4904.625  -4.636940  -4.636940   2.000000   2.000000   0.700000   0.001035   0.280000  -5.496163   6503      0
 3.9256E+00   6.582995   0.598653 -99.000000  -6.944983 -99.000000   0.000000   0.280000   0.008572   0.020000   0.046695      4
 2.8520E+05  -0.534798   0.914423 -99.000000 -99.000000  -7.010926   0.000000   0.003501   0.001867   0.020000  0.000E+00    varcontrol

save photos/x150 for model 150
        200   6.670084   4976.230  -3.393486  -3.393486   2.000000   2.000000   0.700000   0.001035   0.280000  -4.901962   6548      0
 4.2226E+00   6.670084   0.494985 -99.000000  -5.932608 -99.000000   0.000000   0.280000   0.008572   0.020000   0.051475      4
 8.9559E+05  -0.146538   0.732266 -18.311677 -99.000000  -6.909000   0.000000   0.003501   0.001867   0.020000  0.000E+00    varcontrol

save LOGS/profile3.data LOGS/profile3.data.GYRE for model 200
save photos/x200 for model 200
        250   6.763623   5118.741  -3.289748  -3.289748   2.000000   2.000000   0.700000   0.001035   0.280000  -4.177615   6588      0
 4.4857E+00   6.763623   0.413175 -99.000000  -4.922380 -99.000000   0.000000   0.280000   0.008572   0.020000   0.058793      4
 2.0634E+06   0.307267   0.617696 -99.000000 -99.000000  -6.846259   0.000000   0.003501   0.001867   0.020000  0.000E+00    varcontrol

save photos/x250 for model 250
        300   6.887442   5513.731  -2.356780  -2.356780   2.000000   2.000000   0.700000   0.001035   0.280000  -3.402332   6609      0
 4.5107E+00   6.887442   0.401495 -99.000000  -3.765568 -99.000000   0.000000   0.280000   0.008572   0.020000   0.065891      4
 3.8247E+06   0.827223   0.723466 -17.061800 -99.000000  -6.887887   0.000000   0.003501   0.001867   0.020000  0.000E+00    varcontrol

save LOGS/profile4.data LOGS/profile4.data.GYRE for model 300
save photos/x300 for model 300
        350   7.004470   6040.220  -1.410007  -1.410007   2.000000   2.000000   0.699997   0.001035   0.280000  -2.916931   6600      0
 4.2772E+00   7.004470   0.468444 -55.517044  -2.807313 -99.000000   0.000000   0.280003   0.008572   0.020000   0.067555      5
 5.0424E+06   1.210794   1.015792 -13.729927 -89.592939  -7.049633   0.000000   0.003501   0.001867   0.020000  0.000E+00    varcontrol

save photos/x350 for model 350
        400   7.108449   6667.596  -0.585403  -0.585403   2.000000   2.000000   0.699985   0.001035   0.280000  -2.602170   6632      0
 4.1132E+00   7.108449   0.483042 -48.736890  -1.944563 -99.000000   0.000000   0.280014   0.008572   0.020000   0.066433      5
 5.8252E+06   1.500905   1.216656 -10.604647 -69.049596  -7.290299   0.000000   0.003495   0.001867   0.020000  0.000E+00    varcontrol

save LOGS/profile5.data LOGS/profile5.data.GYRE for model 400
save photos/x400 for model 400
        450   7.229223   7986.903   0.744388   0.744388   2.000000   2.000000   0.699912   0.001214   0.280000  -2.540623   6870      0
 4.1947E+00   7.229223   0.394805 -42.499749  -0.400824 -99.000000   0.000000   0.280035   0.008572   0.020000   0.059008      4
 6.4990E+06   1.708699   1.353818  -7.580548 -50.681856  -7.813141   0.000000   0.003019   0.001867   0.020052  0.000E+00    varcontrol

save photos/x450 for model 450

__________________________________________________________________________________________________________________________________________________

       step    lg_Tmax     Teff     lg_LH      lg_Lnuc_tot Mass       H_rich     H_cntr     N_cntr     Y_surf   eta_cntr   zones  retry
  lg_dt_yrs    lg_Tcntr    lg_R     lg_L3a     lg_Lneu     lg_Mdot    He_core    He_cntr    O_cntr     Z_surf   gam_cntr   iters  
    age_yrs    lg_Dcntr    lg_L     lg_LZ      lg_Lphoto   lg_Dsurf   CO_core    C_cntr     Ne_cntr    Z_cntr   v_div_cs       dt_limit
__________________________________________________________________________________________________________________________________________________

        500   7.309115   8845.635   1.071724   1.071724   2.000000   2.000000   0.699088   0.005140   0.280000  -2.604490   6924      0
 4.7460E+00   7.309115   0.250272 -38.561387  -0.274034 -99.000000   0.000000   0.280335   0.008566   0.020000   0.052843      4
 9.3453E+06   1.802172   1.242153  -5.578491 -40.828673  -8.090787   0.000000   0.000029   0.001867   0.020577  0.000E+00    varcontrol

save LOGS/profile6.data LOGS/profile6.data.GYRE for model 500
save photos/x500 for model 500
        550   7.328396   8781.952   1.197733   1.197734   2.000000   2.000000   0.649730   0.005794   0.280000  -2.700589   6926      0
 6.6990E+00   7.328396   0.234170 -37.496360  -0.086540 -99.000000   0.000000   0.329728   0.006854   0.020000   0.052035      5
 1.4923E+08   1.802788   1.197398  -5.181210 -38.802560  -8.024221   0.000000   0.000034   0.001867   0.020542  0.000E+00        max_dt

save photos/x550 for model 550
write /net/nas-1-16/users/home2/txr7972/soft/mesa-26.04.1/data/eosDT_data/cache/mesa-FreeEOS_02z40x.bin
write /net/nas-1-16/users/home2/txr7972/soft/mesa-26.04.1/data/eosDT_data/cache/mesa-FreeEOS_04z40x.bin
write /net/nas-1-16/users/home2/txr7972/soft/mesa-26.04.1/data/eosDT_data/cache/mesa-FreeEOS_00z40x.bin
        600   7.335061   8508.982   1.235486   1.235487   2.000000   2.000000   0.550305   0.007940   0.280000  -2.788753   6928      0
 6.6990E+00   7.335061   0.280454 -36.908714  -0.003768 -99.000000   0.000000   0.429475   0.004527   0.020000   0.054587      5
 3.9923E+08   1.801921   1.235112  -5.153221 -38.212601  -7.932963   0.000000   0.000048   0.001866   0.020221  0.000E+00        max_dt

save LOGS/profile7.data LOGS/profile7.data.GYRE for model 600
save photos/x600 for model 600
write /net/nas-1-16/users/home2/txr7972/soft/mesa-26.04.1/data/eosDT_data/cache/mesa-FreeEOS_02z30x.bin
write /net/nas-1-16/users/home2/txr7972/soft/mesa-26.04.1/data/eosDT_data/cache/mesa-FreeEOS_04z30x.bin
write /net/nas-1-16/users/home2/txr7972/soft/mesa-26.04.1/data/kap_data/cache/a09_z0.02_x0.35.bin
write /net/nas-1-16/users/home2/txr7972/soft/mesa-26.04.1/data/eosDT_data/cache/mesa-FreeEOS_00z30x.bin
write /net/nas-1-16/users/home2/txr7972/soft/mesa-26.04.1/data/kap_data/cache/a09_z0.01_x0.35.bin
        650   7.345544   8135.264   1.276790   1.276790   2.000000   2.000000   0.430575   0.009728   0.280000  -2.881561   6910      0
 6.6990E+00   7.345544   0.340090 -36.174805   0.070206 -99.000000   0.000000   0.549491   0.002883   0.020000   0.058902      5
 6.4923E+08   1.812460   1.276360  -5.082663 -37.353600  -7.810696   0.000000   0.000061   0.001865   0.019934  0.000E+00        max_dt

save photos/x650 for model 650
write /net/nas-1-16/users/home2/txr7972/soft/mesa-26.04.1/data/eosDT_data/cache/mesa-FreeEOS_00z20x.bin
write /net/nas-1-16/users/home2/txr7972/soft/mesa-26.04.1/data/eosDT_data/cache/mesa-FreeEOS_02z20x.bin
write /net/nas-1-16/users/home2/txr7972/soft/mesa-26.04.1/data/eosDT_data/cache/mesa-FreeEOS_04z20x.bin
save LOGS/profile8.data LOGS/profile8.data.GYRE for model 665
save LOGS/profile9.data LOGS/profile9.data.GYRE for model 666
save LOGS/profile10.data LOGS/profile10.data.GYRE for model 667
save LOGS/profile11.data LOGS/profile11.data.GYRE for model 668
save LOGS/profile12.data LOGS/profile12.data.GYRE for model 669
save LOGS/profile13.data LOGS/profile13.data.GYRE for model 670
save LOGS/profile14.data LOGS/profile14.data.GYRE for model 671
save LOGS/profile15.data LOGS/profile15.data.GYRE for model 672
save LOGS/profile16.data LOGS/profile16.data.GYRE for model 673
save LOGS/profile17.data LOGS/profile17.data.GYRE for model 674
save LOGS/profile18.data LOGS/profile18.data.GYRE for model 675
save LOGS/profile19.data LOGS/profile19.data.GYRE for model 676
save LOGS/profile20.data LOGS/profile20.data.GYRE for model 677
save LOGS/profile21.data LOGS/profile21.data.GYRE for model 678
save LOGS/profile22.data LOGS/profile22.data.GYRE for model 679
save LOGS/profile23.data LOGS/profile23.data.GYRE for model 680
save LOGS/profile24.data LOGS/profile24.data.GYRE for model 681
save LOGS/profile25.data LOGS/profile25.data.GYRE for model 682
save LOGS/profile26.data LOGS/profile26.data.GYRE for model 683
save LOGS/profile27.data LOGS/profile27.data.GYRE for model 684
save LOGS/profile28.data LOGS/profile28.data.GYRE for model 685
save LOGS/profile29.data LOGS/profile29.data.GYRE for model 686
save LOGS/profile30.data LOGS/profile30.data.GYRE for model 687
save LOGS/profile31.data LOGS/profile31.data.GYRE for model 688
save LOGS/profile32.data LOGS/profile32.data.GYRE for model 689
save LOGS/profile33.data LOGS/profile33.data.GYRE for model 690
save LOGS/profile34.data LOGS/profile34.data.GYRE for model 691
save LOGS/profile35.data LOGS/profile35.data.GYRE for model 692
save LOGS/profile36.data LOGS/profile36.data.GYRE for model 693
save LOGS/profile37.data LOGS/profile37.data.GYRE for model 694
save LOGS/profile38.data LOGS/profile38.data.GYRE for model 695
save LOGS/profile39.data LOGS/profile39.data.GYRE for model 696
save LOGS/profile40.data LOGS/profile40.data.GYRE for model 697
save LOGS/profile41.data LOGS/profile41.data.GYRE for model 698
save LOGS/profile42.data LOGS/profile42.data.GYRE for model 699
        700   7.350854   7951.708   1.292258   1.292258   2.000000   2.000000   0.378655   0.010257   0.280000  -2.916985   6896      0
 5.6990E+00   7.350854   0.367625 -35.841255   0.094761 -99.000000   0.000000   0.601496   0.002390   0.020000   0.061359      5
 7.4173E+08   1.821127   1.291785  -5.044790 -36.972796  -7.753470   0.000000   0.000065   0.001865   0.019849  0.000E+00        max_dt

save LOGS/profile43.data LOGS/profile43.data.GYRE for model 700
save photos/x700 for model 700
save LOGS/profile44.data LOGS/profile44.data.GYRE for model 701
save LOGS/profile45.data LOGS/profile45.data.GYRE for model 702
save LOGS/profile46.data LOGS/profile46.data.GYRE for model 703
save LOGS/profile47.data LOGS/profile47.data.GYRE for model 704
save LOGS/profile48.data LOGS/profile48.data.GYRE for model 705
save LOGS/profile49.data LOGS/profile49.data.GYRE for model 706
save LOGS/profile50.data LOGS/profile50.data.GYRE for model 707
save LOGS/profile51.data LOGS/profile51.data.GYRE for model 708
save LOGS/profile52.data LOGS/profile52.data.GYRE for model 709
save LOGS/profile53.data LOGS/profile53.data.GYRE for model 710
save LOGS/profile54.data LOGS/profile54.data.GYRE for model 711
save LOGS/profile55.data LOGS/profile55.data.GYRE for model 712
save LOGS/profile56.data LOGS/profile56.data.GYRE for model 713
save LOGS/profile57.data LOGS/profile57.data.GYRE for model 714
save LOGS/profile58.data LOGS/profile58.data.GYRE for model 715
save LOGS/profile59.data LOGS/profile59.data.GYRE for model 716
save LOGS/profile60.data LOGS/profile60.data.GYRE for model 717
save LOGS/profile61.data LOGS/profile61.data.GYRE for model 718
save LOGS/profile62.data LOGS/profile62.data.GYRE for model 719
save LOGS/profile63.data LOGS/profile63.data.GYRE for model 720
save LOGS/profile64.data LOGS/profile64.data.GYRE for model 721
save LOGS/profile65.data LOGS/profile65.data.GYRE for model 722
save LOGS/profile66.data LOGS/profile66.data.GYRE for model 723
save LOGS/profile67.data LOGS/profile67.data.GYRE for model 724
save LOGS/profile68.data LOGS/profile68.data.GYRE for model 725
save LOGS/profile69.data LOGS/profile69.data.GYRE for model 726
save LOGS/profile70.data LOGS/profile70.data.GYRE for model 727
save LOGS/profile71.data LOGS/profile71.data.GYRE for model 728
save LOGS/profile72.data LOGS/profile72.data.GYRE for model 729
save LOGS/profile73.data LOGS/profile73.data.GYRE for model 730
save LOGS/profile74.data LOGS/profile74.data.GYRE for model 731
save LOGS/profile75.data LOGS/profile75.data.GYRE for model 732
save LOGS/profile76.data LOGS/profile76.data.GYRE for model 733
save LOGS/profile77.data LOGS/profile77.data.GYRE for model 734
save LOGS/profile78.data LOGS/profile78.data.GYRE for model 735
save LOGS/profile79.data LOGS/profile79.data.GYRE for model 736
save LOGS/profile80.data LOGS/profile80.data.GYRE for model 737
save LOGS/profile81.data LOGS/profile81.data.GYRE for model 738
save LOGS/profile82.data LOGS/profile82.data.GYRE for model 739
save LOGS/profile83.data LOGS/profile83.data.GYRE for model 740
save LOGS/profile84.data LOGS/profile84.data.GYRE for model 741
save LOGS/profile85.data LOGS/profile85.data.GYRE for model 742
save LOGS/profile86.data LOGS/profile86.data.GYRE for model 743
save LOGS/profile87.data LOGS/profile87.data.GYRE for model 744
save LOGS/profile88.data LOGS/profile88.data.GYRE for model 745
save LOGS/profile89.data LOGS/profile89.data.GYRE for model 746
save LOGS/profile90.data LOGS/profile90.data.GYRE for model 747
save LOGS/profile91.data LOGS/profile91.data.GYRE for model 748
save LOGS/profile92.data LOGS/profile92.data.GYRE for model 749
        750   7.352461   7896.182   1.296330   1.296330   2.000000   2.000000   0.363726   0.010388   0.280000  -2.926618   6887      0
 5.6990E+00   7.352461   0.375741 -35.743444   0.101147 -99.000000   0.000000   0.616446   0.002266   0.020000   0.062149      5
 7.6673E+08   1.824085   1.295845  -5.033613 -36.855158  -7.736557   0.000000   0.000067   0.001865   0.019828  0.000E+00        max_dt

save LOGS/profile93.data LOGS/profile93.data.GYRE for model 750
save photos/x750 for model 750
save LOGS/profile94.data LOGS/profile94.data.GYRE for model 751
save LOGS/profile95.data LOGS/profile95.data.GYRE for model 752
save LOGS/profile96.data LOGS/profile96.data.GYRE for model 753
save LOGS/profile97.data LOGS/profile97.data.GYRE for model 754
save LOGS/profile98.data LOGS/profile98.data.GYRE for model 755
save LOGS/profile99.data LOGS/profile99.data.GYRE for model 756
save LOGS/profile100.data LOGS/profile100.data.GYRE for model 757
save LOGS/profile101.data LOGS/profile101.data.GYRE for model 758
save LOGS/profile102.data LOGS/profile102.data.GYRE for model 759
save LOGS/profile103.data LOGS/profile103.data.GYRE for model 760
save LOGS/profile104.data LOGS/profile104.data.GYRE for model 761
save LOGS/profile105.data LOGS/profile105.data.GYRE for model 762
save LOGS/profile106.data LOGS/profile106.data.GYRE for model 763
save LOGS/profile107.data LOGS/profile107.data.GYRE for model 764
save LOGS/profile108.data LOGS/profile108.data.GYRE for model 765
save LOGS/profile109.data LOGS/profile109.data.GYRE for model 766
save LOGS/profile110.data LOGS/profile110.data.GYRE for model 767
save LOGS/profile111.data LOGS/profile111.data.GYRE for model 768
save LOGS/profile112.data LOGS/profile112.data.GYRE for model 769
save LOGS/profile113.data LOGS/profile113.data.GYRE for model 770
save LOGS/profile114.data LOGS/profile114.data.GYRE for model 771
save LOGS/profile115.data LOGS/profile115.data.GYRE for model 772
save LOGS/profile116.data LOGS/profile116.data.GYRE for model 773
save LOGS/profile117.data LOGS/profile117.data.GYRE for model 774
save LOGS/profile118.data LOGS/profile118.data.GYRE for model 775
save LOGS/profile119.data LOGS/profile119.data.GYRE for model 776
save LOGS/profile120.data LOGS/profile120.data.GYRE for model 777
save LOGS/profile121.data LOGS/profile121.data.GYRE for model 778
save LOGS/profile122.data LOGS/profile122.data.GYRE for model 779
save LOGS/profile123.data LOGS/profile123.data.GYRE for model 780
save LOGS/profile124.data LOGS/profile124.data.GYRE for model 781
save LOGS/profile125.data LOGS/profile125.data.GYRE for model 782
save LOGS/profile126.data LOGS/profile126.data.GYRE for model 783
save LOGS/profile127.data LOGS/profile127.data.GYRE for model 784
save LOGS/profile128.data LOGS/profile128.data.GYRE for model 785
save LOGS/profile129.data LOGS/profile129.data.GYRE for model 786
save LOGS/profile130.data LOGS/profile130.data.GYRE for model 787
save LOGS/profile131.data LOGS/profile131.data.GYRE for model 788
save LOGS/profile132.data LOGS/profile132.data.GYRE for model 789
save LOGS/profile133.data LOGS/profile133.data.GYRE for model 790
save LOGS/profile134.data LOGS/profile134.data.GYRE for model 791
save LOGS/profile135.data LOGS/profile135.data.GYRE for model 792
save LOGS/profile136.data LOGS/profile136.data.GYRE for model 793
save LOGS/profile137.data LOGS/profile137.data.GYRE for model 794
write /net/nas-1-16/users/home2/txr7972/soft/mesa-26.04.1/data/kap_data/cache/a09_z0.01_x0.2.bin
write /net/nas-1-16/users/home2/txr7972/soft/mesa-26.04.1/data/kap_data/cache/a09_z0.02_x0.2.bin
save LOGS/profile138.data LOGS/profile138.data.GYRE for model 795
save LOGS/profile139.data LOGS/profile139.data.GYRE for model 796
save LOGS/profile140.data LOGS/profile140.data.GYRE for model 797
save LOGS/profile141.data LOGS/profile141.data.GYRE for model 798
save LOGS/profile142.data LOGS/profile142.data.GYRE for model 799
        800   7.354154   7837.755   1.300338   1.300338   2.000000   2.000000   0.348387   0.010515   0.280000  -2.936247   6881      0
 5.6990E+00   7.354154   0.384189 -35.641824   0.107365 -99.000000   0.000000   0.631806   0.002145   0.020000   0.063003      5
 7.9173E+08   1.827355   1.299838  -5.022025 -36.733693  -7.718932   0.000000   0.000068   0.001864   0.019808  0.000E+00        max_dt

save LOGS/profile143.data LOGS/profile143.data.GYRE for model 800
save photos/x800 for model 800
save LOGS/profile144.data LOGS/profile144.data.GYRE for model 801
save LOGS/profile145.data LOGS/profile145.data.GYRE for model 802
save LOGS/profile146.data LOGS/profile146.data.GYRE for model 803
save LOGS/profile147.data LOGS/profile147.data.GYRE for model 804
save LOGS/profile148.data LOGS/profile148.data.GYRE for model 805
save LOGS/profile149.data LOGS/profile149.data.GYRE for model 806
save LOGS/profile150.data LOGS/profile150.data.GYRE for model 807
save LOGS/profile151.data LOGS/profile151.data.GYRE for model 808
save LOGS/profile152.data LOGS/profile152.data.GYRE for model 809
save LOGS/profile153.data LOGS/profile153.data.GYRE for model 810
save LOGS/profile154.data LOGS/profile154.data.GYRE for model 811
save LOGS/profile155.data LOGS/profile155.data.GYRE for model 812
save LOGS/profile156.data LOGS/profile156.data.GYRE for model 813
save LOGS/profile157.data LOGS/profile157.data.GYRE for model 814
save LOGS/profile158.data LOGS/profile158.data.GYRE for model 815
save LOGS/profile159.data LOGS/profile159.data.GYRE for model 816
save LOGS/profile160.data LOGS/profile160.data.GYRE for model 817
save LOGS/profile161.data LOGS/profile161.data.GYRE for model 818
save LOGS/profile162.data LOGS/profile162.data.GYRE for model 819
save LOGS/profile163.data LOGS/profile163.data.GYRE for model 820
save LOGS/profile164.data LOGS/profile164.data.GYRE for model 821
save LOGS/profile165.data LOGS/profile165.data.GYRE for model 822
save LOGS/profile166.data LOGS/profile166.data.GYRE for model 823
save LOGS/profile167.data LOGS/profile167.data.GYRE for model 824
save LOGS/profile168.data LOGS/profile168.data.GYRE for model 825
save LOGS/profile169.data LOGS/profile169.data.GYRE for model 826
save LOGS/profile170.data LOGS/profile170.data.GYRE for model 827
save LOGS/profile171.data LOGS/profile171.data.GYRE for model 828
save LOGS/profile172.data LOGS/profile172.data.GYRE for model 829
save LOGS/profile173.data LOGS/profile173.data.GYRE for model 830
save LOGS/profile174.data LOGS/profile174.data.GYRE for model 831
save LOGS/profile175.data LOGS/profile175.data.GYRE for model 832
save LOGS/profile176.data LOGS/profile176.data.GYRE for model 833
save LOGS/profile177.data LOGS/profile177.data.GYRE for model 834
save LOGS/profile178.data LOGS/profile178.data.GYRE for model 835
save LOGS/profile179.data LOGS/profile179.data.GYRE for model 836
save LOGS/profile180.data LOGS/profile180.data.GYRE for model 837
save LOGS/profile181.data LOGS/profile181.data.GYRE for model 838
save LOGS/profile182.data LOGS/profile182.data.GYRE for model 839
save LOGS/profile183.data LOGS/profile183.data.GYRE for model 840
save LOGS/profile184.data LOGS/profile184.data.GYRE for model 841
save LOGS/profile185.data LOGS/profile185.data.GYRE for model 842
save LOGS/profile186.data LOGS/profile186.data.GYRE for model 843
save LOGS/profile187.data LOGS/profile187.data.GYRE for model 844
save LOGS/profile188.data LOGS/profile188.data.GYRE for model 845
save LOGS/profile189.data LOGS/profile189.data.GYRE for model 846
save LOGS/profile190.data LOGS/profile190.data.GYRE for model 847
save LOGS/profile191.data LOGS/profile191.data.GYRE for model 848
save LOGS/profile192.data LOGS/profile192.data.GYRE for model 849
        850   7.355941   7776.108   1.304279   1.304279   2.000000   2.000000   0.332597   0.010636   0.280000  -2.945792   6876      0
 5.6990E+00   7.355941   0.393010 -35.535860   0.113419 -99.000000   0.000000   0.647615   0.002029   0.020000   0.063933      5
 8.1673E+08   1.831006   1.303762  -5.010009 -36.607760  -7.700504   0.000000   0.000069   0.001864   0.019788  0.000E+00        max_dt

save LOGS/profile193.data LOGS/profile193.data.GYRE for model 850
save photos/x850 for model 850
save LOGS/profile194.data LOGS/profile194.data.GYRE for model 851
save LOGS/profile195.data LOGS/profile195.data.GYRE for model 852
save LOGS/profile196.data LOGS/profile196.data.GYRE for model 853
save LOGS/profile197.data LOGS/profile197.data.GYRE for model 854
save LOGS/profile198.data LOGS/profile198.data.GYRE for model 855
save LOGS/profile199.data LOGS/profile199.data.GYRE for model 856
save LOGS/profile200.data LOGS/profile200.data.GYRE for model 857
save LOGS/profile201.data LOGS/profile201.data.GYRE for model 858
save LOGS/profile202.data LOGS/profile202.data.GYRE for model 859
save LOGS/profile203.data LOGS/profile203.data.GYRE for model 860
save LOGS/profile204.data LOGS/profile204.data.GYRE for model 861
save LOGS/profile205.data LOGS/profile205.data.GYRE for model 862
save LOGS/profile206.data LOGS/profile206.data.GYRE for model 863
save LOGS/profile207.data LOGS/profile207.data.GYRE for model 864
save LOGS/profile208.data LOGS/profile208.data.GYRE for model 865
save LOGS/profile209.data LOGS/profile209.data.GYRE for model 866
save LOGS/profile210.data LOGS/profile210.data.GYRE for model 867
save LOGS/profile211.data LOGS/profile211.data.GYRE for model 868
save LOGS/profile212.data LOGS/profile212.data.GYRE for model 869
save LOGS/profile213.data LOGS/profile213.data.GYRE for model 870
save LOGS/profile214.data LOGS/profile214.data.GYRE for model 871
save LOGS/profile215.data LOGS/profile215.data.GYRE for model 872
save LOGS/profile216.data LOGS/profile216.data.GYRE for model 873
save LOGS/profile217.data LOGS/profile217.data.GYRE for model 874
save LOGS/profile218.data LOGS/profile218.data.GYRE for model 875
save LOGS/profile219.data LOGS/profile219.data.GYRE for model 876
save LOGS/profile220.data LOGS/profile220.data.GYRE for model 877
save LOGS/profile221.data LOGS/profile221.data.GYRE for model 878
save LOGS/profile222.data LOGS/profile222.data.GYRE for model 879
save LOGS/profile223.data LOGS/profile223.data.GYRE for model 880
save LOGS/profile224.data LOGS/profile224.data.GYRE for model 881
save LOGS/profile225.data LOGS/profile225.data.GYRE for model 882
save LOGS/profile226.data LOGS/profile226.data.GYRE for model 883
save LOGS/profile227.data LOGS/profile227.data.GYRE for model 884
save LOGS/profile228.data LOGS/profile228.data.GYRE for model 885
save LOGS/profile229.data LOGS/profile229.data.GYRE for model 886
save LOGS/profile230.data LOGS/profile230.data.GYRE for model 887
save LOGS/profile231.data LOGS/profile231.data.GYRE for model 888
save LOGS/profile232.data LOGS/profile232.data.GYRE for model 889
save LOGS/profile233.data LOGS/profile233.data.GYRE for model 890
save LOGS/profile234.data LOGS/profile234.data.GYRE for model 891
save LOGS/profile235.data LOGS/profile235.data.GYRE for model 892
save LOGS/profile236.data LOGS/profile236.data.GYRE for model 893
save LOGS/profile237.data LOGS/profile237.data.GYRE for model 894
save LOGS/profile238.data LOGS/profile238.data.GYRE for model 895
save LOGS/profile239.data LOGS/profile239.data.GYRE for model 896
save LOGS/profile240.data LOGS/profile240.data.GYRE for model 897
save LOGS/profile241.data LOGS/profile241.data.GYRE for model 898
save LOGS/profile242.data LOGS/profile242.data.GYRE for model 899
        900   7.357833   7710.841   1.308120   1.308120   2.000000   2.000000   0.316329   0.010752   0.280000  -2.955314   6871      0
 5.6990E+00   7.357833   0.402242 -35.425109   0.119273 -99.000000   0.000000   0.663901   0.001916   0.020000   0.064947      5
 8.4173E+08   1.835046   1.307584  -4.997578 -36.477362  -7.681111   0.000000   0.000070   0.001864   0.019770  0.000E+00        max_dt

save LOGS/profile243.data LOGS/profile243.data.GYRE for model 900
save photos/x900 for model 900
save LOGS/profile244.data LOGS/profile244.data.GYRE for model 901
save LOGS/profile245.data LOGS/profile245.data.GYRE for model 902
save LOGS/profile246.data LOGS/profile246.data.GYRE for model 903
save LOGS/profile247.data LOGS/profile247.data.GYRE for model 904
save LOGS/profile248.data LOGS/profile248.data.GYRE for model 905
save LOGS/profile249.data LOGS/profile249.data.GYRE for model 906
save LOGS/profile250.data LOGS/profile250.data.GYRE for model 907
save LOGS/profile251.data LOGS/profile251.data.GYRE for model 908
save LOGS/profile252.data LOGS/profile252.data.GYRE for model 909
save LOGS/profile253.data LOGS/profile253.data.GYRE for model 910
save LOGS/profile254.data LOGS/profile254.data.GYRE for model 911
save LOGS/profile255.data LOGS/profile255.data.GYRE for model 912
save LOGS/profile256.data LOGS/profile256.data.GYRE for model 913
save LOGS/profile257.data LOGS/profile257.data.GYRE for model 914
save LOGS/profile258.data LOGS/profile258.data.GYRE for model 915
save LOGS/profile259.data LOGS/profile259.data.GYRE for model 916
save LOGS/profile260.data LOGS/profile260.data.GYRE for model 917
save LOGS/profile261.data LOGS/profile261.data.GYRE for model 918
save LOGS/profile262.data LOGS/profile262.data.GYRE for model 919
save LOGS/profile263.data LOGS/profile263.data.GYRE for model 920
save LOGS/profile264.data LOGS/profile264.data.GYRE for model 921
save LOGS/profile265.data LOGS/profile265.data.GYRE for model 922
save LOGS/profile266.data LOGS/profile266.data.GYRE for model 923
save LOGS/profile267.data LOGS/profile267.data.GYRE for model 924
save LOGS/profile268.data LOGS/profile268.data.GYRE for model 925
save LOGS/profile269.data LOGS/profile269.data.GYRE for model 926
save LOGS/profile270.data LOGS/profile270.data.GYRE for model 927
save LOGS/profile271.data LOGS/profile271.data.GYRE for model 928
save LOGS/profile272.data LOGS/profile272.data.GYRE for model 929
save LOGS/profile273.data LOGS/profile273.data.GYRE for model 930
save LOGS/profile274.data LOGS/profile274.data.GYRE for model 931
save LOGS/profile275.data LOGS/profile275.data.GYRE for model 932
save LOGS/profile276.data LOGS/profile276.data.GYRE for model 933
save LOGS/profile277.data LOGS/profile277.data.GYRE for model 934
save LOGS/profile278.data LOGS/profile278.data.GYRE for model 935
save LOGS/profile279.data LOGS/profile279.data.GYRE for model 936
save LOGS/profile280.data LOGS/profile280.data.GYRE for model 937
save LOGS/profile281.data LOGS/profile281.data.GYRE for model 938
save LOGS/profile282.data LOGS/profile282.data.GYRE for model 939
save LOGS/profile283.data LOGS/profile283.data.GYRE for model 940
save LOGS/profile284.data LOGS/profile284.data.GYRE for model 941
save LOGS/profile285.data LOGS/profile285.data.GYRE for model 942
save LOGS/profile286.data LOGS/profile286.data.GYRE for model 943
save LOGS/profile287.data LOGS/profile287.data.GYRE for model 944
save LOGS/profile288.data LOGS/profile288.data.GYRE for model 945
save LOGS/profile289.data LOGS/profile289.data.GYRE for model 946
save LOGS/profile290.data LOGS/profile290.data.GYRE for model 947
save LOGS/profile291.data LOGS/profile291.data.GYRE for model 948
write /net/nas-1-16/users/home2/txr7972/soft/mesa-26.04.1/data/eosDT_data/cache/mesa-FreeEOS_00z10x.bin
write /net/nas-1-16/users/home2/txr7972/soft/mesa-26.04.1/data/eosDT_data/cache/mesa-FreeEOS_02z10x.bin
write /net/nas-1-16/users/home2/txr7972/soft/mesa-26.04.1/data/eosDT_data/cache/mesa-FreeEOS_04z10x.bin
save LOGS/profile292.data LOGS/profile292.data.GYRE for model 949
        950   7.359841   7641.572   1.311839   1.311839   2.000000   2.000000   0.299557   0.010864   0.280000  -2.964797   6865      0
 5.6990E+00   7.359841   0.411928 -35.308996   0.124909 -99.000000   0.000000   0.680691   0.001807   0.020000   0.066055      5
 8.6673E+08   1.839512   1.311281  -4.984726 -36.342069  -7.660595   0.000000   0.000072   0.001864   0.019752  0.000E+00        max_dt

save LOGS/profile293.data LOGS/profile293.data.GYRE for model 950
save photos/x950 for model 950
save LOGS/profile294.data LOGS/profile294.data.GYRE for model 951
save LOGS/profile295.data LOGS/profile295.data.GYRE for model 952
save LOGS/profile296.data LOGS/profile296.data.GYRE for model 953
save LOGS/profile297.data LOGS/profile297.data.GYRE for model 954
save LOGS/profile298.data LOGS/profile298.data.GYRE for model 955
save LOGS/profile299.data LOGS/profile299.data.GYRE for model 956
save LOGS/profile300.data LOGS/profile300.data.GYRE for model 957
save LOGS/profile301.data LOGS/profile301.data.GYRE for model 958
save LOGS/profile302.data LOGS/profile302.data.GYRE for model 959
save LOGS/profile303.data LOGS/profile303.data.GYRE for model 960
save LOGS/profile304.data LOGS/profile304.data.GYRE for model 961
save LOGS/profile305.data LOGS/profile305.data.GYRE for model 962
save LOGS/profile306.data LOGS/profile306.data.GYRE for model 963
save LOGS/profile307.data LOGS/profile307.data.GYRE for model 964
save LOGS/profile308.data LOGS/profile308.data.GYRE for model 965
save LOGS/profile309.data LOGS/profile309.data.GYRE for model 966
save LOGS/profile310.data LOGS/profile310.data.GYRE for model 967
save LOGS/profile311.data LOGS/profile311.data.GYRE for model 968
save LOGS/profile312.data LOGS/profile312.data.GYRE for model 969
save LOGS/profile313.data LOGS/profile313.data.GYRE for model 970
save LOGS/profile314.data LOGS/profile314.data.GYRE for model 971
save LOGS/profile315.data LOGS/profile315.data.GYRE for model 972
save LOGS/profile316.data LOGS/profile316.data.GYRE for model 973
save LOGS/profile317.data LOGS/profile317.data.GYRE for model 974
save LOGS/profile318.data LOGS/profile318.data.GYRE for model 975
save LOGS/profile319.data LOGS/profile319.data.GYRE for model 976
save LOGS/profile320.data LOGS/profile320.data.GYRE for model 977
save LOGS/profile321.data LOGS/profile321.data.GYRE for model 978
save LOGS/profile322.data LOGS/profile322.data.GYRE for model 979
save LOGS/profile323.data LOGS/profile323.data.GYRE for model 980
save LOGS/profile324.data LOGS/profile324.data.GYRE for model 981
save LOGS/profile325.data LOGS/profile325.data.GYRE for model 982
save LOGS/profile326.data LOGS/profile326.data.GYRE for model 983
save LOGS/profile327.data LOGS/profile327.data.GYRE for model 984
save LOGS/profile328.data LOGS/profile328.data.GYRE for model 985
save LOGS/profile329.data LOGS/profile329.data.GYRE for model 986
save LOGS/profile330.data LOGS/profile330.data.GYRE for model 987

reached the target model
  log g      =    3.8999
  Teff       =    7586.2
  R / Rsun   =    2.6278
  log L/Lsun =    1.3140
  center h1  =    0.2865

save LOGS/profile331.data LOGS/profile331.data.GYRE for model 988
                                         solver retries           1

                                    varcontrol dt limit         838
                                  max increase dt limit         908
                                  max decrease dt limit           1

 model saved to dsct_M2.0_final.mod
save photos/x988 for model 988
termination code: reached target log g
run select_model.py to pick the profile and its .GYRE file
__________________________________________________________________________________________________________________________________________________

       step    lg_Tmax     Teff     lg_LH      lg_Lnuc_tot Mass       H_rich     H_cntr     N_cntr     Y_surf   eta_cntr   zones  retry
  lg_dt_yrs    lg_Tcntr    lg_R     lg_L3a     lg_Lneu     lg_Mdot    He_core    He_cntr    O_cntr     Z_surf   gam_cntr   iters  
    age_yrs    lg_Dcntr    lg_L     lg_LZ      lg_Lphoto   lg_Dsurf   CO_core    C_cntr     Ne_cntr    Z_cntr   v_div_cs       dt_limit
__________________________________________________________________________________________________________________________________________________

        988   7.361456   7586.209   1.314561   1.314562   2.000000   2.000000   0.286455   0.010945   0.280000  -2.971926   6853      0
 5.6990E+00   7.361456   0.419599 -35.216779   0.129021 -99.000000   0.000000   0.693805   0.001727   0.020000   0.066969      5
 8.8573E+08   1.843242   1.313990  -4.974688 -36.235826  -7.644200   0.000000   0.000073   0.001864   0.019739  0.000E+00        max_dt

DATE: 2026-08-11
TIME: 01:13:27

--- [dsct_M2.0] selecting profile at log g = 3.900
matching on log g = 3.900   (331 profiles)

         profile   model     Teff   R/Rsun    logL    logg   nu_dyn     X_c
---------------------------------------------------------------------------
 profile331.data     988   7586.2    2.628   1.314   3.900    2.866  0.2865
 profile330.data     987   7587.7    2.627   1.314   3.900    2.868  0.2868
 profile329.data     986   7589.2    2.625   1.314   3.901    2.870  0.2872
 profile328.data     985   7590.7    2.624   1.314   3.901    2.872  0.2875
 profile327.data     984   7592.1    2.623   1.314   3.902    2.874  0.2878
 profile326.data     983   7593.6    2.622   1.314   3.902    2.876  0.2882
 profile325.data     982   7595.1    2.620   1.314   3.902    2.878  0.2885
 profile324.data     981   7596.6    2.619   1.313   3.903    2.880  0.2889

selected: LOGS/profile331.data
GYRE input: LOGS/profile331.data.GYRE

  R_Rsun             2.628   expect     2.628 +/- 0.020   OK
  logg               3.900   expect     3.900 +/- 0.005   OK
  dyn_freq_cpd       2.866   expect     2.866 +/- 0.040   OK

  Teff 7586.2 K, -109.8 K vs MW23
  detuning cut 0.15*nu_dyn = 0.430 c/d
    -> profile331.data.GYRE

--- [dsct_M2.0] generating GYRE inlists
    backed up gyre_ad.in -> gyre_ad.in.handwritten
    backed up gyre_ad_wide_hi.in -> gyre_ad_wide_hi.in.handwritten
    backed up gyre_ad_wide.in -> gyre_ad_wide.in.handwritten
    backed up gyre_nad.in -> gyre_nad.in.handwritten
    backed up gyre_nad_wide_hi.in -> gyre_nad_wide_hi.in.handwritten
    backed up gyre_nad_wide.in -> gyre_nad_wide.in.handwritten
    backed up gyre_probe100.in -> gyre_probe100.in.handwritten

dsct_M2.0:  nu_dyn=2.8660  Dnu=3.730  nu_ac=94.8  K=16.631 c/d
  core scan 0.80-25.0-95.0 c/d;  daughter band 1.70-5.20 c/d  (scaled)
  wrote models/dsct_M2.0/gyre/gyre_ad.in
  wrote models/dsct_M2.0/gyre/gyre_nad.in
  gnet pass 1 (l 2-15): 796 modes;  pass 2 (l 16-25): 1383 modes
  wrote models/dsct_M2.0/gyre/gyre_ad_wide.in
  wrote models/dsct_M2.0/gyre/gyre_nad_wide.in
  wrote models/dsct_M2.0/gyre/gyre_ad_wide_hi.in
  wrote models/dsct_M2.0/gyre/gyre_nad_wide_hi.in

--- [dsct_M2.0] GYRE narrow net (l <= 3, |n_pg| <= 20)
gyre [9.1.1]
------------

OpenMP Threads   : 16
Input filename   : gyre_ad.in

Model Init
----------

Reading from MESA file
   File name ../mesa/LOGS/profile331.data.GYRE
   File version 1.01
   Read 7137 points
   No need to add central point

Mode Search
-----------

Mode parameters
   l : 0
   m : 0

Building frequency grid (REAL axis)
   added scan interval :  0.2791E+00 ->  0.8723E+01 (1000 points, INVERSE)
   added scan interval :  0.8723E+01 ->  0.3315E+02 (1000 points, LINEAR)

Building spatial grid
   Scaffold grid from model
   Split 0 subinterval(s) in iteration 1
   Final grid has 1 segment(s) and 7137 point(s):
      Segment 1 : x range 0.0000 -> 1.0012 (1 -> 7137)

Starting search (adiabatic)

Scanning frequencies
  Time elapsed :     0.526 s

Finding roots
  Time elapsed :      0.034 s

Processing modes
   id    l     m    n_pg    n_p    n_g       Re(omega)       Im(omega)        chi n_iter
