=== dsct_M2.2_T7888  (M=2.2, log g=3.830, MW23 Teff=7888) ===
    host=compute-1-23.local.tier3-atlas.uta.edu  cores=16  started Tue Aug 11 01:13:34 AM CDT 2026
    workdir=/net/nas-1-16/users/home2/txr7972/Stellar
    MESA_DIR=/net/nas-1-16/users/home2/txr7972/soft/mesa-26.04.1
    GYRE_DIR=/net/nas-1-16/users/home2/txr7972/soft/gyre-9.1.1

--- [dsct_M2.2_T7888] MESA
gfortran -Wno-uninitialized -fno-range-check -fmax-errors=7 -fdiagnostics-color  -fprotect-parens -fno-sign-zero -fbacktrace -ggdb -finit-real=snan -fopenmp -fbounds-check -Wuninitialized -Warray-bounds -ggdb -ffree-form -ffree-line-length-none -x f95-cpp-input -std=f2008 -Wno-error=tabs -I/net/nas-1-16/users/home2/txr7972/soft/mesa-26.04.1/include -I../src -c ../src/run_star_extras.f90
gfortran -Wno-uninitialized -fno-range-check -fmax-errors=7 -fdiagnostics-color  -fprotect-parens -fno-sign-zero -fbacktrace -ggdb -finit-real=snan -fopenmp -fbounds-check -Wuninitialized -Warray-bounds -ggdb -ffree-form -ffree-line-length-none -x f95-cpp-input -std=f2008 -Wno-error=tabs -I/net/nas-1-16/users/home2/txr7972/soft/mesa-26.04.1/include -I../src -c /net/nas-1-16/users/home2/txr7972/soft/mesa-26.04.1/star/job/run_star.f90
gfortran -Wno-uninitialized -fno-range-check -fmax-errors=7 -fdiagnostics-color  -fprotect-parens -fno-sign-zero -fbacktrace -ggdb -finit-real=snan -fopenmp -fbounds-check -Wuninitialized -Warray-bounds -ggdb -ffree-form -ffree-line-length-none -x f95-cpp-input -std=f2008 -Wno-error=tabs -I/net/nas-1-16/users/home2/txr7972/soft/mesa-26.04.1/include -I../src -c ../src/run.f90
gfortran -fopenmp -o ../star  run_star_extras.o run_star.o run.o  -L/net/nas-1-16/users/home2/txr7972/soft/mesa-26.04.1/lib -lstar -lstar_data -lgyre_mesa -lgyre -lionization -latm -lcolors -lturb -lnet -leos -lkap -lrates -lneu -lchem -linterp_2d -linterp_1d -lnum -lauto_diff -lforum -lmtx -lconst -lmath -lutils `mesasdk_crmath_link` `mesasdk_lapack95_link` `mesasdk_lapack_link` `mesasdk_blas_link` `mesasdk_hdf5_link`  `mesasdk_pgplot_link` -lz 
DATE: 2026-08-11
TIME: 01:13:42
 reading user weak rate file /net/nas-1-16/users/home2/txr7972/soft/mesa-26.04.1/data/rates_data/rate_tables/S13_r_be7_wk_li7.h5
 version_number r26.4.1
 read inlist_project


 The terminal output contains the following information

      'step' is the number of steps since the start of the run,
      'lg_dt' is log10 timestep in years,
      'age_yr' is the simulated years since the start run,
      'lg_Tcntr' is log10 center temperature (K),
      'lg_Dcntr' is log10 center density (g/cm^3),
      'lg_Tmax' is log10 max temperature (K),
      'Teff' is the surface temperature (K),
      'lg_R' is log10 surface radius (Rsun),
      'lg_L' is log10 surface luminosity (Lsun),
      'lg_LH' is log10 total PP and CNO hydrogen burning power (Lsun),
      'lg_L3a' is log10 total triple-alpha helium burning power (Lsun),
      'lg_gsurf' is log10 surface gravity,
      'lg_Lnuc' is log10 nuclear power (Lsun),
      'lg_Lneu' is log10 total neutrino power (Lsun),
      'lg_Lphoto' is log10 total photodisintegration (Lsun),
      'Mass' is the total stellar baryonic mass (Msun),
      'lg_Mdot' is log10 magnitude of rate of change of mass (Msun/year),
      'lg_Dsurf' is log10 surface density (g/cm^3),
      'H_env' is the amount of mass where H is dominant,
      'He_core' is the largest mass where He is dominant.
      'CO_core' is the largest mass where CO is dominant.
      'H_cntr' is the center H1 mass fraction,
      'He_cntr' is the center He4 mass fraction,
      'C_cntr' is the center C12 mass fraction,
      'N_cntr' is the center N14 mass fraction,
      'O_cntr' is the center O16 mass fraction,
      'Ne_cntr' is the center Ne20 mass fraction,
      'gam_cntr' is the center plasma interaction parameter,
      'eta_cntr' is the center electron degeneracy parameter,
      'zones' is the number of zones in the current model,
      'iters' is the number of solver iterations for the current step,
      'retry' is the number of step retries required during the run,
      'dt_limit' is an indication of what limited the timestep.

 All this and more are saved in the LOGS directory during the run.
 create pre-main-sequence model
                                          species  mass          25    2.2000000000000002D+00

                                        relax_num_steps         300

 hydro_solver_step returned ierr          -1
 s% model_number           1
 nz        1534
 s% num_retries           0

 retry:  logT < hydro_mtx_min_allowed_logT         338       1
         50   5.477195   4589.343 -21.969518 -21.969518   2.200000   2.200000   0.700000   0.001035   0.280000  -9.578148   5938      1
-5.0000E+00   5.476749   1.797749 -99.000000 -22.613525 -99.000000   0.000000   0.280000   0.008572   0.020000   0.042857      3
 4.8485E-04  -3.965253   3.197193 -99.000000 -99.000000  -8.436717   0.000000   0.003501   0.001867   0.020000  0.000E+00        max_dt

        100   5.477195   4353.036 -21.969516 -21.969516   2.200000   2.200000   0.700000   0.001035   0.280000  -9.578148   5934      1
-5.0000E+00   5.476750   1.796913 -99.000000 -22.613523 -99.000000   0.000000   0.280000   0.008572   0.020000   0.042857      3
 9.8485E-04  -3.965253   3.103689 -99.000000 -99.000000  -8.414418   0.000000   0.003501   0.001867   0.020000  0.000E+00        max_dt

        150   5.477195   4227.384 -21.969514 -21.969514   2.200000   2.200000   0.700000   0.001035   0.280000  -9.578148   5936      1
-5.0000E+00   5.476750   1.796341 -99.000000 -22.613521 -99.000000   0.000000   0.280000   0.008572   0.020000   0.042857      3
 1.4849E-03  -3.965253   3.051662 -99.000000 -99.000000  -8.393606   0.000000   0.003501   0.001867   0.020000  0.000E+00        max_dt

        200   5.477195   4147.070 -21.969512 -21.969512   2.200000   2.200000   0.700000   0.001035   0.280000  -9.578148   5936      1
-5.0000E+00   5.476750   1.795907 -99.000000 -22.613519 -99.000000   0.000000   0.280000   0.008572   0.020000   0.042857      2
 1.9849E-03  -3.965253   3.017473 -99.000000 -99.000000  -8.376147   0.000000   0.003501   0.001867   0.020000  0.000E+00        max_dt

        250   5.477195   4090.377 -21.969510 -21.969510   2.200000   2.200000   0.700000   0.001035   0.280000  -9.578148   5938      1
-5.0000E+00   5.476750   1.795555 -99.000000 -22.613517 -99.000000   0.000000   0.280000   0.008572   0.020000   0.042857      2
 2.4849E-03  -3.965252   2.992858 -99.000000 -99.000000  -8.360843   0.000000   0.003501   0.001867   0.020000  0.000E+00        max_dt

        300   5.477196   4047.791 -21.969508 -21.969508   2.200000   2.200000   0.700000   0.001035   0.280000  -9.578148   5929      1
-5.0000E+00   5.476750   1.795258 -99.000000 -22.613515 -99.000000   0.000000   0.280000   0.008572   0.020000   0.042857      2
 2.9849E-03  -3.965252   2.974082 -99.000000 -99.000000  -8.347065   0.000000   0.003501   0.001867   0.020000  0.000E+00        max_dt


 finished doing relax num steps


                                relax_to_radiative_core

         50   5.550543   3795.733 -20.592148 -20.592148   2.200000   2.200000   0.700000   0.001035   0.280000  -9.344052   5931      0
 1.1687E+00   5.550543   1.712755 -99.000000 -21.236155 -99.000000   0.000000   0.280000   0.008572   0.020000   0.042559      3
 3.6649E+02  -3.752977   2.697387 -99.000000 -99.000000  -8.108860   0.000000   0.003501   0.001867   0.020000  0.000E+00    varcontrol

             relative mass of radiative core still tiny          50    1.9533183397146825D-08
        100   5.668433   3931.797 -18.473879 -18.473879   2.200000   2.200000   0.700000   0.001035   0.280000  -8.940397   6008      0
 1.4755E+00   5.668433   1.588254 -99.000000 -19.117885 -99.000000   0.000000   0.280000   0.008572   0.020000   0.042504      3
 1.4467E+03  -3.401001   2.509567 -99.000000 -99.000000  -8.041913   0.000000   0.003501   0.001867   0.020000  0.000E+00    varcontrol

             relative mass of radiative core still tiny         100    1.9533182064879195D-08
        150   5.785604   4068.339 -16.522779 -16.522779   2.200000   2.200000   0.700000   0.001035   0.280000  -8.536848   6077      0
 1.7783E+00   5.785604   1.465381 -99.000000 -17.166786 -99.000000   0.000000   0.280000   0.008572   0.020000   0.042482      3
 3.6242E+03  -3.050157   2.323125 -99.000000 -99.000000  -7.960150   0.000000   0.003501   0.001867   0.020000  0.000E+00    varcontrol

             relative mass of radiative core still tiny         150    1.9533183841236035D-08
        200   5.901983   4203.320 -14.723828 -14.723828   2.200000   2.200000   0.700000   0.001035   0.280000  -8.134542   6149      0
 2.0784E+00   5.901983   1.344210 -99.000000 -15.367835 -99.000000   0.000000   0.280000   0.008572   0.020000   0.042480      3
 7.9795E+03  -2.701064   2.137484 -99.000000 -99.000000  -7.865728   0.000000   0.003501   0.001867   0.020000  0.000E+00    varcontrol

             relative mass of radiative core still tiny         200    1.9533183619191430D-08
        250   6.017526   4334.179 -13.063093 -13.063093   2.200000   2.200000   0.700000   0.001035   0.280000  -7.733996   6202      0
 2.3770E+00   6.017526   1.224695 -99.000000 -13.707099 -99.000000   0.000000   0.280000   0.008572   0.020000   0.042494      3
 1.6654E+04  -2.354027   1.951712 -99.000000 -99.000000  -7.766974   0.000000   0.003501   0.001867   0.020000  0.000E+00    varcontrol

             relative mass of radiative core still tiny         250    1.9533182731013010D-08
        300   6.132296   4459.830 -11.527955 -11.527955   2.200000   2.200000   0.700000   0.001035   0.280000  -7.336724   6267      0
 2.6748E+00   6.132296   1.106773 -99.000000 -12.171982 -99.000000   0.000000   0.280000   0.008572   0.020000   0.042499      3
 3.3888E+04  -2.009554   1.765512 -99.000000 -99.000000  -7.663713   0.000000   0.003501   0.001867   0.020000  0.000E+00    varcontrol

             relative mass of radiative core still tiny         300    1.9533181620789986D-08
        350   6.246190   4578.932 -10.106368 -10.106368   2.200000   2.200000   0.700000   0.001035   0.280000  -6.943171   6323      0
 2.9724E+00   6.246190   0.990372 -99.000000 -10.751404 -99.000000   0.000000   0.280000   0.008572   0.020000   0.042496      3
 6.8086E+04  -1.667968   1.578495 -99.000000 -99.000000  -7.553894   0.000000   0.003501   0.001867   0.020000  0.000E+00    varcontrol

             relative mass of radiative core still tiny         350    1.9533180510566961D-08
        400   6.359146   4688.696  -8.757718  -8.757718   2.200000   2.200000   0.700000   0.001035   0.280000  -6.553422   6383      0
 3.2706E+00   6.359146   0.875414 -99.000000  -9.435149 -99.000000   0.000000   0.280000   0.008572   0.020000   0.042487      3
 1.3599E+05  -1.329385   1.389731 -99.000000 -99.000000  -7.440879   0.000000   0.003501   0.001867   0.020000  0.000E+00    varcontrol

             relative mass of radiative core still tiny         400    1.9533184951459059D-08
                 finished relax to begin radiative core         448    1.9001413136422861D-03

 finished doing relax_to_radiative_core

 read profile_columns.list
                             set_initial_number_retries           0
 net name pp_and_cno_extras.net
                                      atm_option: T_tau
 kap_option a09
 kap_CO_option a09_co
 kap_lowT_option lowT_fa05_a09p
                                        OMP_NUM_THREADS          16


dsct_M2.0: will stop at first post-ZAMS model with log g <=    3.8300
__________________________________________________________________________________________________________________________________________________

       step    lg_Tmax     Teff     lg_LH      lg_Lnuc_tot Mass       H_rich     H_cntr     N_cntr     Y_surf   eta_cntr   zones  retry
  lg_dt_yrs    lg_Tcntr    lg_R     lg_L3a     lg_Lneu     lg_Mdot    He_core    He_cntr    O_cntr     Z_surf   gam_cntr   iters  
    age_yrs    lg_Dcntr    lg_L     lg_LZ      lg_Lphoto   lg_Dsurf   CO_core    C_cntr     Ne_cntr    Z_cntr   v_div_cs       dt_limit
__________________________________________________________________________________________________________________________________________________

save LOGS/profile1.data LOGS/profile1.data.GYRE for model 1
         50   6.466542   4850.083  -7.111129  -7.111129   2.200000   2.200000   0.700000   0.001035   0.280000  -6.182027   6431      0
-1.1201E+00   6.466542   0.766260 -99.000000  -8.261083 -99.000000   0.000000   0.280000   0.008572   0.020000   0.042490      2
 4.5497E-01  -1.007095   1.230211 -99.000000 -99.000000  -7.166894   0.000000   0.003501   0.001867   0.020000  0.000E+00  max increase

save photos/x050 for model 50
        100   6.469252   4852.321  -6.711538  -6.711538   2.200000   2.200000   0.700000   0.001035   0.280000  -6.173013   6431      0
 2.8389E+00   6.469252   0.763551 -99.000000  -8.232789 -99.000000   0.000000   0.280000   0.008572   0.020000   0.042485      3
 4.1409E+03  -0.999117   1.225594 -22.577250 -99.000000  -7.164324   0.000000   0.003501   0.001867   0.020000  0.000E+00  max increase

save LOGS/profile2.data LOGS/profile2.data.GYRE for model 100
save photos/x100 for model 100
        150   6.561104   4931.661  -5.097474  -5.097474   2.200000   2.200000   0.700000   0.001035   0.280000  -5.761866   6468      0
 3.8107E+00   6.561104   0.662045 -99.000000  -7.205330 -99.000000   0.000000   0.280000   0.008572   0.020000   0.043832      4
 2.2483E+05  -0.682903   1.050756 -19.816827 -99.000000  -7.066557   0.000000   0.003501   0.001867   0.020000  0.000E+00    varcontrol

save photos/x150 for model 150
        200   6.649585   5016.073  -3.423722  -3.423722   2.200000   2.200000   0.700000   0.001035   0.280000  -5.176105   6511      0
 4.1050E+00   6.649585   0.557388 -99.000000  -6.174923 -99.000000   0.000000   0.280000   0.008572   0.020000   0.048111      4
 6.9158E+05  -0.296100   0.870926 -18.964890 -99.000000  -6.965689   0.000000   0.003501   0.001867   0.020000  0.000E+00    varcontrol

save LOGS/profile3.data LOGS/profile3.data.GYRE for model 200
save photos/x200 for model 200
        250   6.743075   5156.719  -3.298755  -3.298755   2.200000   2.200000   0.700000   0.001035   0.280000  -4.462237   6553      0
 4.3702E+00   6.743075   0.473362 -99.000000  -5.155938 -99.000000   0.000000   0.280000   0.008572   0.020000   0.054775      4
 1.5833E+06   0.153381   0.750912 -18.663860 -99.000000  -6.897485   0.000000   0.003501   0.001867   0.020000  0.000E+00    varcontrol

save photos/x250 for model 250
        300   6.865173   5519.661  -2.569078  -2.569078   2.200000   2.200000   0.700000   0.001035   0.280000  -3.685107   6567      0
 4.4111E+00   6.865173   0.458915 -99.000000  -3.996398 -99.000000   0.000000   0.280000   0.008572   0.020000   0.061577      5
 2.9612E+06   0.672194   0.840173 -99.000000 -99.000000  -6.928742   0.000000   0.003501   0.001867   0.020000  0.000E+00    varcontrol

save LOGS/profile4.data LOGS/profile4.data.GYRE for model 300
save photos/x300 for model 300
        350   6.980575   6029.719  -1.636205  -1.636205   2.200000   2.200000   0.699999   0.001035   0.280000  -3.193250   6564      0
 4.1778E+00   6.980575   0.527088 -99.000000  -3.036548 -99.000000   0.000000   0.280001   0.008572   0.020000   0.063419      5
 3.9255E+06   1.056811   1.130057 -14.535460 -95.015628  -7.090786   0.000000   0.003501   0.001867   0.020000  0.000E+00    varcontrol

save photos/x350 for model 350
        400   7.083863   6681.251  -0.836670  -0.836670   2.200000   2.200000   0.699993   0.001035   0.280000  -2.862829   6612      0
 4.0163E+00   7.083863   0.539995 -50.297094  -2.213994 -99.000000   0.000000   0.280006   0.008572   0.020000   0.062768      5
 4.5479E+06   1.353213   1.334115 -11.364138 -73.722752  -7.343645   0.000000   0.003500   0.001867   0.020000  0.000E+00    varcontrol

save LOGS/profile5.data LOGS/profile5.data.GYRE for model 400
save photos/x400 for model 400
        450   7.194568   8100.618   0.317612   0.317612   2.200000   2.200000   0.699957   0.001076   0.280000  -2.635349   6816      0
 4.0397E+00   7.194568   0.454476 -44.201630  -0.854631 -99.000000   0.000000   0.280022   0.008572   0.020000   0.059536      4
 5.0749E+06   1.616421   1.497718  -8.344805 -55.240274  -7.935820   0.000000   0.003287   0.001867   0.020020  0.000E+00    varcontrol

save photos/x450 for model 450

__________________________________________________________________________________________________________________________________________________

       step    lg_Tmax     Teff     lg_LH      lg_Lnuc_tot Mass       H_rich     H_cntr     N_cntr     Y_surf   eta_cntr   zones  retry
  lg_dt_yrs    lg_Tcntr    lg_R     lg_L3a     lg_Lneu     lg_Mdot    He_core    He_cntr    O_cntr     Z_surf   gam_cntr   iters  
    age_yrs    lg_Dcntr    lg_L     lg_LZ      lg_Lphoto   lg_Dsurf   CO_core    C_cntr     Ne_cntr    Z_cntr   v_div_cs       dt_limit
__________________________________________________________________________________________________________________________________________________

        500   7.293787   8896.702   1.126450   1.126451   2.200000   2.200000   0.699351   0.004743   0.280000  -2.903823   6887      0
 4.8957E+00   7.293787   0.296554 -39.510935  -0.204625 -99.000000   0.000000   0.280119   0.008571   0.020000   0.048762      4
 6.7765E+06   1.651830   1.344718  -6.033542 -42.935557  -8.166252   0.000000   0.000279   0.001867   0.020530  0.000E+00    varcontrol

save LOGS/profile6.data LOGS/profile6.data.GYRE for model 500
save photos/x500 for model 500
        550   7.340648   9479.062   1.356721   1.356721   2.200000   2.200000   0.668639   0.005672   0.280000  -2.847758   6918      0
 6.6990E+00   7.340648   0.247292 -37.089587   0.103665 -99.000000   0.000000   0.310818   0.007235   0.020000   0.048156      5
 7.5914E+07   1.753241   1.356339  -4.899652 -37.487778  -8.457728   0.000000   0.000035   0.001867   0.020544  0.000E+00        max_dt

save photos/x550 for model 550
        600   7.347330   9084.384   1.407510   1.407510   2.200000   2.200000   0.541763   0.008644   0.280000  -2.968951   6900      0
 6.6990E+00   7.347330   0.309625 -36.426522   0.195552 -99.000000   0.000000   0.438139   0.004026   0.020000   0.051109      5
 3.2591E+08   1.745481   1.407125  -4.910276 -36.961142  -8.310566   0.000000   0.000054   0.001866   0.020098  0.000E+00        max_dt

save LOGS/profile7.data LOGS/profile7.data.GYRE for model 600
save photos/x600 for model 600
        650   7.362440   8505.249   1.466130   1.466130   2.200000   2.200000   0.376573   0.010582   0.280000  -3.095297   6869      0
 6.6990E+00   7.362440   0.396105 -35.415961   0.280524 -99.000000   0.000000   0.603634   0.002119   0.020000   0.057227      5
 5.7591E+08   1.762677   1.465652  -4.813187 -35.815461  -8.084253   0.000000   0.000070   0.001864   0.019794  0.000E+00        max_dt

save photos/x650 for model 650
save LOGS/profile8.data LOGS/profile8.data.GYRE for model 678
save LOGS/profile9.data LOGS/profile9.data.GYRE for model 679
save LOGS/profile10.data LOGS/profile10.data.GYRE for model 680
save LOGS/profile11.data LOGS/profile11.data.GYRE for model 681
save LOGS/profile12.data LOGS/profile12.data.GYRE for model 682
save LOGS/profile13.data LOGS/profile13.data.GYRE for model 683
save LOGS/profile14.data LOGS/profile14.data.GYRE for model 684
save LOGS/profile15.data LOGS/profile15.data.GYRE for model 685
save LOGS/profile16.data LOGS/profile16.data.GYRE for model 686
save LOGS/profile17.data LOGS/profile17.data.GYRE for model 687
save LOGS/profile18.data LOGS/profile18.data.GYRE for model 688
save LOGS/profile19.data LOGS/profile19.data.GYRE for model 689
save LOGS/profile20.data LOGS/profile20.data.GYRE for model 690
save LOGS/profile21.data LOGS/profile21.data.GYRE for model 691
save LOGS/profile22.data LOGS/profile22.data.GYRE for model 692
save LOGS/profile23.data LOGS/profile23.data.GYRE for model 693
save LOGS/profile24.data LOGS/profile24.data.GYRE for model 694
save LOGS/profile25.data LOGS/profile25.data.GYRE for model 695
save LOGS/profile26.data LOGS/profile26.data.GYRE for model 696
save LOGS/profile27.data LOGS/profile27.data.GYRE for model 697
save LOGS/profile28.data LOGS/profile28.data.GYRE for model 698
save LOGS/profile29.data LOGS/profile29.data.GYRE for model 699
        700   7.378311   7917.006   1.498891   1.498891   2.200000   2.200000   0.243991   0.011354   0.280000  -3.172949   6829      0
 5.6990E+00   7.378311   0.474660 -34.503669   0.322866 -99.000000   0.000000   0.736336   0.001324   0.020000   0.065366      5
 7.2691E+08   1.796904   1.498258  -4.716652 -34.812001  -7.864864   0.000000   0.000080   0.001863   0.019673  0.000E+00        max_dt

save LOGS/profile30.data LOGS/profile30.data.GYRE for model 700
save photos/x700 for model 700
save LOGS/profile31.data LOGS/profile31.data.GYRE for model 701

reached the target model
  log g      =    3.8299
  Teff       =    7912.1
  R / Rsun   =    2.9874
  log L/Lsun =    1.4984
  center h1  =    0.2430

save LOGS/profile32.data LOGS/profile32.data.GYRE for model 702
                                         solver retries           1

                                    varcontrol dt limit         848
                                  max increase dt limit         599
                                  max decrease dt limit           1

 model saved to dsct_M2.2_T7888_final.mod
save photos/x702 for model 702
termination code: reached target log g
run select_model.py to pick the profile and its .GYRE file
__________________________________________________________________________________________________________________________________________________

       step    lg_Tmax     Teff     lg_LH      lg_Lnuc_tot Mass       H_rich     H_cntr     N_cntr     Y_surf   eta_cntr   zones  retry
  lg_dt_yrs    lg_Tcntr    lg_R     lg_L3a     lg_Lneu     lg_Mdot    He_core    He_cntr    O_cntr     Z_surf   gam_cntr   iters  
    age_yrs    lg_Dcntr    lg_L     lg_LZ      lg_Lphoto   lg_Dsurf   CO_core    C_cntr     Ne_cntr    Z_cntr   v_div_cs       dt_limit
__________________________________________________________________________________________________________________________________________________

        702   7.378448   7912.095   1.499074   1.499074   2.200000   2.200000   0.242990   0.011358   0.280000  -3.173428   6830      0
 5.6990E+00   7.378448   0.475290 -34.496137   0.323101 -99.000000   0.000000   0.737338   0.001320   0.020000   0.065444      5
 7.2791E+08   1.797254   1.498440  -4.715912 -34.803933  -7.863158   0.000000   0.000080   0.001863   0.019673  0.000E+00        max_dt

DATE: 2026-08-11
TIME: 02:29:50

--- [dsct_M2.2_T7888] selecting profile at log g = 3.830
matching on log g = 3.830   (32 profiles)

         profile   model     Teff   R/Rsun    logL    logg   nu_dyn     X_c
---------------------------------------------------------------------------
  profile32.data     702   7912.1    2.987   1.498   3.830    2.480  0.2430
  profile31.data     701   7914.6    2.985   1.498   3.831    2.483  0.2435
  profile30.data     700   7917.0    2.983   1.498   3.831    2.485  0.2440
  profile29.data     699   7919.5    2.981   1.498   3.832    2.488  0.2445
  profile28.data     698   7921.9    2.979   1.498   3.832    2.491  0.2450
  profile27.data     697   7924.3    2.977   1.498   3.833    2.493  0.2455
  profile26.data     696   7926.8    2.974   1.498   3.834    2.496  0.2460
  profile25.data     695   7929.2    2.972   1.498   3.834    2.499  0.2465

selected: LOGS/profile32.data
GYRE input: LOGS/profile32.data.GYRE

  R_Rsun             2.987   expect     2.987 +/- 0.020   OK
  logg               3.830   expect     3.830 +/- 0.005   OK
  dyn_freq_cpd       2.480   expect     2.480 +/- 0.040   OK

  Teff 7912.1 K, +24.1 K vs MW23
  detuning cut 0.15*nu_dyn = 0.372 c/d
    -> profile32.data.GYRE

--- [dsct_M2.2_T7888] generating GYRE inlists

dsct_M2.2_T7888:  nu_dyn=2.4799  Dnu=3.214  nu_ac=75.5  K=15.838 c/d
  core scan 0.69-21.6-77.0 c/d;  daughter band 1.47-4.50 c/d  (scaled)
  wrote models/dsct_M2.2_T7888/gyre/gyre_ad.in
  wrote models/dsct_M2.2_T7888/gyre/gyre_nad.in
  gnet pass 1 (l 2-15): 886 modes;  pass 2 (l 16-25): 1520 modes
  wrote models/dsct_M2.2_T7888/gyre/gyre_ad_wide.in
  wrote models/dsct_M2.2_T7888/gyre/gyre_nad_wide.in
  wrote models/dsct_M2.2_T7888/gyre/gyre_ad_wide_hi.in
  wrote models/dsct_M2.2_T7888/gyre/gyre_nad_wide_hi.in

--- [dsct_M2.2_T7888] GYRE narrow net (l <= 3, |n_pg| <= 20)
gyre [9.1.1]
------------

OpenMP Threads   : 16
Input filename   : gyre_ad.in

Model Init
----------

Reading from MESA file
   File name ../mesa/LOGS/profile32.data.GYRE
   File version 1.01
   Read 7114 points
   No need to add central point

Mode Search
-----------

Mode parameters
   l : 0
   m : 0

Building frequency grid (REAL axis)
   added scan interval :  0.2782E+00 ->  0.8710E+01 (1000 points, INVERSE)
   added scan interval :  0.8710E+01 ->  0.3105E+02 (1000 points, LINEAR)

Building spatial grid
   Scaffold grid from model
   Split 0 subinterval(s) in iteration 1
   Final grid has 1 segment(s) and 7114 point(s):
      Segment 1 : x range 0.0000 -> 1.0012 (1 -> 7114)

Starting search (adiabatic)

Scanning frequencies
  Time elapsed :     0.518 s

Finding roots
  Time elapsed :      0.031 s

Processing modes
   id    l     m    n_pg    n_p    n_g       Re(omega)       Im(omega)        chi n_iter
    1    0     0       1      1      0  0.35434099E+01  0.00000000E+00 0.1192E-13      6
    2    0     0       2      2      0  0.45678980E+01  0.00000000E+00 0.6560E-14      7
    3    0     0       3      3      0  0.56862970E+01  0.00000000E+00 0.6907E-14      7
    4    0     0       4      4      0  0.68305797E+01  0.00000000E+00 0.1509E-14      6
    5    0     0       5      5      0  0.79719527E+01  0.00000000E+00 0.1825E-14      6
    6    0     0       6      6      0  0.90789108E+01  0.00000000E+00 0.1240E-12      5
    7    0     0       7      7      0  0.10190876E+02  0.00000000E+00 0.3291E-12      5
    8    0     0       8      8      0  0.11341655E+02  0.00000000E+00 0.1252E-12      5
    9    0     0       9      9      0  0.12527478E+02  0.00000000E+00 0.9783E-13      5
   10    0     0      10     10      0  0.13741845E+02  0.00000000E+00 0.9260E-14      5
   11    0     0      11     11      0  0.14981131E+02  0.00000000E+00 0.1165E-13      5
   12    0     0      12     12      0  0.16237087E+02  0.00000000E+00 0.1412E-12      5
   13    0     0      13     13      0  0.17496917E+02  0.00000000E+00 0.1385E-13      5
   14    0     0      14     14      0  0.18752139E+02  0.00000000E+00 0.3171E-13      5
   15    0     0      15     15      0  0.19999903E+02  0.00000000E+00 0.1629E-12      5
   16    0     0      16     16      0  0.21241266E+02  0.00000000E+00 0.4530E-12      5
   17    0     0      17     17      0  0.22481883E+02  0.00000000E+00 0.1189E-12      5
   18    0     0      18     18      0  0.23731205E+02  0.00000000E+00 0.4406E-12      5
   19    0     0      19     19      0  0.24995414E+02  0.00000000E+00 0.2167E-13      5
   20    0     0      20     20      0  0.26275406E+02  0.00000000E+00 0.2794E-12      5
  Time elapsed :      0.701 s

Mode Search
-----------

Mode parameters
   l : 1
   m : 0

Building frequency grid (REAL axis)
   added scan interval :  0.2782E+00 ->  0.8710E+01 (1000 points, INVERSE)
   added scan interval :  0.8710E+01 ->  0.3105E+02 (1000 points, LINEAR)

Building spatial grid
   Scaffold grid from model
   Split 0 subinterval(s) in iteration 1
   Final grid has 1 segment(s) and 7114 point(s):
      Segment 1 : x range 0.0000 -> 1.0012 (1 -> 7114)

Starting search (adiabatic)

Scanning frequencies
  Time elapsed :     1.165 s

Finding roots
  Time elapsed :      0.129 s

Processing modes
   id    l     m    n_pg    n_p    n_g       Re(omega)       Im(omega)        chi n_iter
   35    1     0     -20      0     20  0.43253639E+00  0.00000000E+00 0.1145E-12      6
   36    1     0     -19      0     19  0.44725891E+00  0.00000000E+00 0.2493E-13      5
   37    1     0     -18      0     18  0.47460269E+00  0.00000000E+00 0.2058E-13      5
   38    1     0     -17      0     17  0.50712338E+00  0.00000000E+00 0.3393E-13      6
   39    1     0     -16      0     16  0.52801770E+00  0.00000000E+00 0.6218E-13      6
   40    1     0     -15      0     15  0.56077394E+00  0.00000000E+00 0.6112E-13      5
   41    1     0     -14      0     14  0.60901214E+00  0.00000000E+00 0.1248E-12      6
   42    1     0     -13      0     13  0.64938808E+00  0.00000000E+00 0.1261E-12      5
   43    1     0     -12      0     12  0.68811771E+00  0.00000000E+00 0.8833E-13      6
   44    1     0     -11      0     11  0.76228035E+00  0.00000000E+00 0.1413E-12      5
   45    1     0     -10      0     10  0.84169075E+00  0.00000000E+00 0.1236E-13      6
   46    1     0      -9      0      9  0.89965039E+00  0.00000000E+00 0.7150E-13      6
   47    1     0      -8      0      8  0.10254994E+01  0.00000000E+00 0.4244E-13      5
   48    1     0      -7      0      7  0.11957796E+01  0.00000000E+00 0.6830E-13      6
   49    1     0      -6      0      6  0.13134100E+01  0.00000000E+00 0.5594E-13      6
   50    1     0      -5      0      5  0.15480974E+01  0.00000000E+00 0.3901E-13      6
   51    1     0      -4      0      4  0.19787133E+01  0.00000000E+00 0.2120E-14      6
   52    1     0      -3      0      3  0.24594929E+01  0.00000000E+00 0.3462E-14      7
   53    1     0      -2      0      2  0.30598024E+01  0.00000000E+00 0.6094E-14      7
   54    1     0      -1      0      1  0.36435778E+01  0.00000000E+00 0.2388E-13      6
   55    1     0       1      1      1  0.46931396E+01  0.00000000E+00 0.1128E-13      6
   56    1     0       2      2      1  0.57945701E+01  0.00000000E+00 0.1041E-13      7
   57    1     0       3      3      1  0.64412585E+01  0.00000000E+00 0.2060E-13      7
   58    1     0       4      4      1  0.71865472E+01  0.00000000E+00 0.1074E-13      6
   59    1     0       5      4      0  0.83354795E+01  0.00000000E+00 0.1071E-13      6
   60    1     0       6      5      0  0.94811119E+01  0.00000000E+00 0.1771E-12      5
   61    1     0       7      6      0  0.10636750E+02  0.00000000E+00 0.5977E-13      5
   62    1     0       8      7      0  0.11824581E+02  0.00000000E+00 0.1104E-12      5
   63    1     0       9      8      0  0.13036678E+02  0.00000000E+00 0.1668E-12      5
   64    1     0      10      9      0  0.14270582E+02  0.00000000E+00 0.1817E-13      5
   65    1     0      11     10      0  0.15523756E+02  0.00000000E+00 0.8844E-13      5
   66    1     0      12     11      0  0.16785077E+02  0.00000000E+00 0.1114E-12      5
   67    1     0      13     12      0  0.18044735E+02  0.00000000E+00 0.2113E-12      5
   68    1     0      14     13      0  0.19297009E+02  0.00000000E+00 0.1494E-12      5
   69    1     0      15     14      0  0.20541885E+02  0.00000000E+00 0.3850E-13      5
   70    1     0      16     15      0  0.21782614E+02  0.00000000E+00 0.5470E-13      5
   71    1     0      17     16      0  0.23026723E+02  0.00000000E+00 0.1105E-12      5
   72    1     0      18     17      0  0.24283618E+02  0.00000000E+00 0.4089E-12      5
   73    1     0      19     18      0  0.25557715E+02  0.00000000E+00 0.6696E-14      5
   74    1     0      20     19      0  0.26846926E+02  0.00000000E+00 0.4696E-13      5
  Time elapsed :      1.434 s

Mode Search
-----------

Mode parameters
   l : 2
   m : 0

Building frequency grid (REAL axis)
   added scan interval :  0.2782E+00 ->  0.8710E+01 (1000 points, INVERSE)
   added scan interval :  0.8710E+01 ->  0.3105E+02 (1000 points, LINEAR)

Building spatial grid
   Scaffold grid from model
   Split 0 subinterval(s) in iteration 1
   Final grid has 1 segment(s) and 7114 point(s):
      Segment 1 : x range 0.0000 -> 1.0012 (1 -> 7114)

Starting search (adiabatic)

Scanning frequencies
  Time elapsed :     1.192 s

Finding roots
  Time elapsed :      0.187 s

Processing modes
   id    l     m    n_pg    n_p    n_g       Re(omega)       Im(omega)        chi n_iter
  113    2     0     -20      0     20  0.74616532E+00  0.00000000E+00 0.5464E-13      6
  114    2     0     -19      0     19  0.77122008E+00  0.00000000E+00 0.9436E-13      6
  115    2     0     -18      0     18  0.81702775E+00  0.00000000E+00 0.1219E-13      6
  116    2     0     -17      0     17  0.87303942E+00  0.00000000E+00 0.3826E-13      6
  117    2     0     -16      0     16  0.91016198E+00  0.00000000E+00 0.1563E-12      6
  118    2     0     -15      0     15  0.96351517E+00  0.00000000E+00 0.1679E-13      6
  119    2     0     -14      0     14  0.10453613E+01  0.00000000E+00 0.3354E-13      6
  120    2     0     -13      0     13  0.11177834E+01  0.00000000E+00 0.1180E-13      6
  121    2     0     -12      0     12  0.11798889E+01  0.00000000E+00 0.5721E-13      6
  122    2     0     -11      0     11  0.13035432E+01  0.00000000E+00 0.7838E-13      6
  123    2     0     -10      0     10  0.14428739E+01  0.00000000E+00 0.1645E-13      6
  124    2     0      -9      0      9  0.15383625E+01  0.00000000E+00 0.1807E-13      6
  125    2     0      -8      0      8  0.17410938E+01  0.00000000E+00 0.1181E-13      5
  126    2     0      -7      0      7  0.20266143E+01  0.00000000E+00 0.1465E-13      6
  127    2     0      -6      0      6  0.22317628E+01  0.00000000E+00 0.1502E-13      6
  128    2     0      -5      0      5  0.25695947E+01  0.00000000E+00 0.2416E-13      6
  129    2     0      -4      0      4  0.31384650E+01  0.00000000E+00 0.5595E-14      7
  130    2     0      -3      0      3  0.36288860E+01  0.00000000E+00 0.2142E-13      7
  131    2     0      -2      1      3  0.40779476E+01  0.00000000E+00 0.1640E-13      7
  132    2     0      -1      1      2  0.44634969E+01  0.00000000E+00 0.1178E-13      7
  133    2     0       0      2      2  0.51140034E+01  0.00000000E+00 0.1419E-13      6
  134    2     0       1      2      1  0.58332789E+01  0.00000000E+00 0.1253E-13      6
  135    2     0       2      3      1  0.66825548E+01  0.00000000E+00 0.1592E-14      6
  136    2     0       3      4      1  0.77540439E+01  0.00000000E+00 0.3019E-14      6
  137    2     0       4      5      1  0.88762503E+01  0.00000000E+00 0.4663E-13      6
  138    2     0       5      6      1  0.10007829E+02  0.00000000E+00 0.8515E-13      5
  139    2     0       6      7      1  0.11102455E+02  0.00000000E+00 0.3448E-13      6
  140    2     0       7      7      0  0.11383804E+02  0.00000000E+00 0.1703E-12      7
  141    2     0       8      8      0  0.12411252E+02  0.00000000E+00 0.7851E-13      6
  142    2     0       9      9      0  0.13628610E+02  0.00000000E+00 0.6033E-14      5
  143    2     0      10     10      0  0.14872825E+02  0.00000000E+00 0.3435E-12      5
  144    2     0      11     11      0  0.16133216E+02  0.00000000E+00 0.1411E-12      5
  145    2     0      12     12      0  0.17396627E+02  0.00000000E+00 0.2769E-12      5
  146    2     0      13     13      0  0.18654696E+02  0.00000000E+00 0.1607E-12      5
  147    2     0      14     14      0  0.19904490E+02  0.00000000E+00 0.8142E-13      5
  148    2     0      15     15      0  0.21147229E+02  0.00000000E+00 0.1068E-12      5
  149    2     0      16     16      0  0.22388533E+02  0.00000000E+00 0.4763E-13      5
  150    2     0      17     17      0  0.23637848E+02  0.00000000E+00 0.1840E-12      5
  151    2     0      18     18      0  0.24901954E+02  0.00000000E+00 0.1478E-12      5
  152    2     0      19     19      0  0.26182460E+02  0.00000000E+00 0.7033E-13      5
  153    2     0      20     20      0  0.27475374E+02  0.00000000E+00 0.3133E-12      5
  Time elapsed :      1.656 s

Mode Search
-----------

Mode parameters
   l : 3
   m : 0

Building frequency grid (REAL axis)
   added scan interval :  0.2782E+00 ->  0.8710E+01 (1000 points, INVERSE)
   added scan interval :  0.8710E+01 ->  0.3105E+02 (1000 points, LINEAR)

Building spatial grid
   Scaffold grid from model
   Split 0 subinterval(s) in iteration 1
   Final grid has 1 segment(s) and 7114 point(s):
      Segment 1 : x range 0.0000 -> 1.0012 (1 -> 7114)

Starting search (adiabatic)

Scanning frequencies
  Time elapsed :     1.264 s

Finding roots
  Time elapsed :      0.254 s

Processing modes
   id    l     m    n_pg    n_p    n_g       Re(omega)       Im(omega)        chi n_iter
  214    3     0     -20      0     20  0.10490610E+01  0.00000000E+00 0.7067E-13      6
  215    3     0     -19      0     19  0.10840840E+01  0.00000000E+00 0.5652E-13      6
  216    3     0     -18      0     18  0.11450595E+01  0.00000000E+00 0.1210E-13      6
  217    3     0     -17      0     17  0.12233479E+01  0.00000000E+00 0.2345E-13      6
  218    3     0     -16      0     16  0.12789407E+01  0.00000000E+00 0.1038E-13      6
  219    3     0     -15      0     15  0.13467090E+01  0.00000000E+00 0.2730E-13      6
  220    3     0     -14      0     14  0.14585025E+01  0.00000000E+00 0.3512E-13      6
  221    3     0     -13      0     13  0.15664851E+01  0.00000000E+00 0.5905E-13      6
  222    3     0     -12      0     12  0.16454582E+01  0.00000000E+00 0.3308E-13      7
  223    3     0     -11      0     11  0.18091307E+01  0.00000000E+00 0.1117E-13      6
  224    3     0     -10      0     10  0.20080606E+01  0.00000000E+00 0.1865E-13      6
  225    3     0      -9      0      9  0.21395507E+01  0.00000000E+00 0.1446E-13      6
  226    3     0      -8      0      8  0.23919317E+01  0.00000000E+00 0.1737E-13      5
  227    3     0      -7      0      7  0.27685607E+01  0.00000000E+00 0.2417E-13      7
  228    3     0      -6      0      6  0.30704906E+01  0.00000000E+00 0.2075E-14      7
  229    3     0      -5      0      5  0.33214921E+01  0.00000000E+00 0.1091E-14      6
  230    3     0      -4      0      4  0.36577090E+01  0.00000000E+00 0.1848E-13      7
  231    3     0      -3      1      4  0.42963232E+01  0.00000000E+00 0.6449E-14      7
  232    3     0      -2      1      3  0.46882084E+01  0.00000000E+00 0.1577E-14      6
  233    3     0      -1      2      3  0.55114812E+01  0.00000000E+00 0.4193E-14      7
  234    3     0       0      2      2  0.57625121E+01  0.00000000E+00 0.4906E-14      7
  235    3     0       1      2      1  0.64831403E+01  0.00000000E+00 0.1148E-13      7
  236    3     0       2      3      1  0.69712190E+01  0.00000000E+00 0.1082E-13      8
  237    3     0       3      4      1  0.81038286E+01  0.00000000E+00 0.7646E-14      7
  238    3     0       4      5      1  0.92584909E+01  0.00000000E+00 0.1737E-12      5
  239    3     0       5      6      1  0.10420039E+02  0.00000000E+00 0.9437E-13      6
  240    3     0       6      7      1  0.11614430E+02  0.00000000E+00 0.4956E-13      6
  241    3     0       7      8      1  0.12830934E+02  0.00000000E+00 0.1572E-13      6
  242    3     0       8      8      0  0.13617306E+02  0.00000000E+00 0.1225E-12      6
  243    3     0       9      9      0  0.14088881E+02  0.00000000E+00 0.2996E-12      6
  244    3     0      10     10      0  0.15341398E+02  0.00000000E+00 0.3864E-12      6
  245    3     0      11     11      0  0.16609285E+02  0.00000000E+00 0.1712E-12      5
  246    3     0      12     12      0  0.17876270E+02  0.00000000E+00 0.6913E-13      5
  247    3     0      13     13      0  0.19135508E+02  0.00000000E+00 0.5765E-13      5
  248    3     0      14     14      0  0.20386440E+02  0.00000000E+00 0.2479E-12      5
  249    3     0      15     15      0  0.21631813E+02  0.00000000E+00 0.1466E-12      5
  250    3     0      16     16      0  0.22878883E+02  0.00000000E+00 0.3678E-12      5
  251    3     0      17     17      0  0.24137551E+02  0.00000000E+00 0.1878E-12      5
  252    3     0      18     18      0  0.25412772E+02  0.00000000E+00 0.1866E-12      5
  253    3     0      19     19      0  0.26703204E+02  0.00000000E+00 0.3035E-12      5
  254    3     0      20     20      0  0.28003679E+02  0.00000000E+00 0.7460E-13      5
  Time elapsed :      1.631 s

gyre [9.1.1]
------------

OpenMP Threads   : 16
Input filename   : gyre_nad.in

Model Init
----------

Reading from MESA file
   File name ../mesa/LOGS/profile32.data.GYRE
   File version 1.01
   Read 7114 points
   No need to add central point

Mode Search
-----------

Mode parameters
   l : 0
   m : 0

Building frequency grid (REAL axis)
   added scan interval :  0.2782E+00 ->  0.8710E+01 (1000 points, INVERSE)
   added scan interval :  0.8710E+01 ->  0.3105E+02 (1000 points, LINEAR)

Building spatial grid
   Scaffold grid from model
   Split 0 subinterval(s) in iteration 1
   Final grid has 1 segment(s) and 7114 point(s):
      Segment 1 : x range 0.0000 -> 1.0012 (1 -> 7114)

Starting search (adiabatic)

Scanning frequencies
  Time elapsed :     1.275 s

Finding roots
  Time elapsed :      0.070 s

Processing modes
   id    l     m    n_pg    n_p    n_g       Re(omega)       Im(omega)        chi n_iter
    1    0     0       1      1      0  0.35434102E+01  0.00000000E+00 0.6985E-14      7
    2    0     0       2      2      0  0.45678985E+01  0.00000000E+00 0.1868E-13      6
    3    0     0       3      3      0  0.56862981E+01  0.00000000E+00 0.6113E-14     11
    4    0     0       4      4      0  0.68305829E+01  0.00000000E+00 0.2955E-13      6
    5    0     0       5      5      0  0.79719585E+01  0.00000000E+00 0.5525E-14      7
    6    0     0       6      6      0  0.90789204E+01  0.00000000E+00 0.2292E-12      7
    7    0     0       7      7      0  0.10190890E+02  0.00000000E+00 0.1543E-12      5
    8    0     0       8      8      0  0.11341671E+02  0.00000000E+00 0.1300E-12      5
    9    0     0       9      9      0  0.12527498E+02  0.00000000E+00 0.9882E-13      5
   10    0     0      10     10      0  0.13741869E+02  0.00000000E+00 0.2827E-13      6
   11    0     0      11     11      0  0.14981160E+02  0.00000000E+00 0.4630E-13      5
   12    0     0      12     12      0  0.16237122E+02  0.00000000E+00 0.3111E-12      7
   13    0     0      13     13      0  0.17496957E+02  0.00000000E+00 0.1306E-12      5
   14    0     0      14     14      0  0.18752186E+02  0.00000000E+00 0.0000E+00      5
   15    0     0      15     15      0  0.19999959E+02  0.00000000E+00 0.2262E-12      6
   16    0     0      16     16      0  0.21241330E+02  0.00000000E+00 0.3599E-12      5
   17    0     0      17     17      0  0.22481952E+02  0.00000000E+00 0.1653E-12      5
   18    0     0      18     18      0  0.23731276E+02  0.00000000E+00 0.1032E-12      6
   19    0     0      19     19      0  0.24995483E+02  0.00000000E+00 0.1632E-12      5
   20    0     0      20     20      0  0.26275473E+02  0.00000000E+00 0.2071E-12      5
  Time elapsed :      0.043 s

Starting search (non-adiabatic)

Finding roots
  Time elapsed :     24.760 s

Processing modes
   id    l     m    n_pg    n_p    n_g       Re(omega)       Im(omega)        chi n_iter
    1    0     0       1      1      0  0.35434244E+01 -0.31713093E-05 0.4107E-09      6
    2    0     0       2      2      0  0.45679871E+01 -0.17869824E-04 0.1562E-09      6
    3    0     0       3      3      0  0.56866074E+01 -0.46096627E-05 0.2960E-10      6
    4    0     0       4      4      0  0.68312450E+01  0.25821935E-03 0.1496E-09      6
    5    0     0       5      5      0  0.79725684E+01  0.13491493E-02 0.5787E-10     10
    6    0     0       6      6      0  0.90770153E+01  0.37001263E-02 0.2998E-10      9
    7    0     0       7      7      0  0.10181303E+02  0.52182122E-02 0.2631E-10     12
    8    0     0       8      8      0  0.11319458E+02  0.17495668E-02 0.4085E-11      8
    9    0     0       9      9      0  0.12490426E+02 -0.92216587E-02 0.1558E-11      9
   10    0     0      10     10      0  0.13691328E+02 -0.27108868E-01 0.2129E-11      9
   11    0     0      11     11      0  0.14919916E+02 -0.49533765E-01 0.8679E-11     12
   12    0     0      12     12      0  0.16166164E+02 -0.75455586E-01 0.3025E-11      8
   13    0     0      13     13      0  0.17415555E+02 -0.10336902E+00 0.3738E-11      9
   14    0     0      14     14      0  0.18658422E+02 -0.12934910E+00 0.2832E-11      8
   15    0     0      15     15      0  0.19891373E+02 -0.14760917E+00 0.2023E-11      9
   16    0     0      16     16      0  0.21115025E+02 -0.15399144E+00 0.4343E-12      9
   17    0     0      17     17      0  0.22334285E+02 -0.14851992E+00 0.1283E-11      9
   18    0     0      18     18      0  0.23556062E+02 -0.13618881E+00 0.2050E-11     11
   19    0     0      19     19      0  0.24782636E+02 -0.12241156E+00 0.1118E-11     11
   20    0     0      20     20      0  0.26012992E+02 -0.10777122E+00 0.2614E-11     12
  Time elapsed :      1.378 s

Mode Search
-----------

Mode parameters
   l : 1
   m : 0

Building frequency grid (REAL axis)
   added scan interval :  0.2782E+00 ->  0.8710E+01 (1000 points, INVERSE)
   added scan interval :  0.8710E+01 ->  0.3105E+02 (1000 points, LINEAR)

Building spatial grid
   Scaffold grid from model
   Split 0 subinterval(s) in iteration 1
   Final grid has 1 segment(s) and 7114 point(s):
      Segment 1 : x range 0.0000 -> 1.0012 (1 -> 7114)

Starting search (adiabatic)

Scanning frequencies
  Time elapsed :    23.704 s

Finding roots
  Time elapsed :      3.337 s

Processing modes
   id    l     m    n_pg    n_p    n_g       Re(omega)       Im(omega)        chi n_iter
   35    1     0     -20      0     20  0.43253767E+00  0.00000000E+00 0.4580E-13      6
   36    1     0     -19      0     19  0.44726096E+00  0.00000000E+00 0.8695E-14      5
   37    1     0     -18      0     18  0.47460282E+00  0.00000000E+00 0.4773E-13      5
   38    1     0     -17      0     17  0.50712335E+00  0.00000000E+00 0.2183E-13      6
   39    1     0     -16      0     16  0.52802028E+00  0.00000000E+00 0.4669E-13      6
   40    1     0     -15      0     15  0.56077451E+00  0.00000000E+00 0.1194E-12      6
   41    1     0     -14      0     14  0.60901188E+00  0.00000000E+00 0.1116E-12      6
   42    1     0     -13      0     13  0.64938952E+00  0.00000000E+00 0.4892E-13      5
   43    1     0     -12      0     12  0.68811892E+00  0.00000000E+00 0.1117E-12      6
   44    1     0     -11      0     11  0.76228029E+00  0.00000000E+00 0.9756E-13      5
   45    1     0     -10      0     10  0.84169138E+00  0.00000000E+00 0.1381E-13      6
   46    1     0      -9      0      9  0.89965214E+00  0.00000000E+00 0.7677E-13      6
   47    1     0      -8      0      8  0.10254995E+01  0.00000000E+00 0.2854E-13      5
   48    1     0      -7      0      7  0.11957789E+01  0.00000000E+00 0.1017E-13      7
   49    1     0      -6      0      6  0.13134117E+01  0.00000000E+00 0.4002E-13      7
   50    1     0      -5      0      5  0.15480980E+01  0.00000000E+00 0.1290E-12      6
   51    1     0      -4      0      4  0.19787127E+01  0.00000000E+00 0.2186E-13      7
   52    1     0      -3      0      3  0.24594911E+01  0.00000000E+00 0.2180E-13      9
   53    1     0      -2      0      2  0.30598034E+01  0.00000000E+00 0.5232E-13      9
   54    1     0      -1      0      1  0.36435780E+01  0.00000000E+00 0.1433E-13      6
   55    1     0       1      1      1  0.46931396E+01  0.00000000E+00 0.2913E-13      6
   56    1     0       2      2      1  0.57945710E+01  0.00000000E+00 0.5264E-13      8
   57    1     0       3      3      1  0.64412636E+01  0.00000000E+00 0.4461E-13      7
   58    1     0       4      4      1  0.71865475E+01  0.00000000E+00 0.8977E-14      6
   59    1     0       5      4      0  0.83354797E+01  0.00000000E+00 0.5842E-13      9
   60    1     0       6      5      0  0.94811147E+01  0.00000000E+00 0.6572E-12      7
   61    1     0       7      6      0  0.10636756E+02  0.00000000E+00 0.1498E-12      5
   62    1     0       8      7      0  0.11824590E+02  0.00000000E+00 0.2427E-12      5
   63    1     0       9      8      0  0.13036690E+02  0.00000000E+00 0.9401E-13      5
   64    1     0      10      9      0  0.14270596E+02  0.00000000E+00 0.1086E-12      6
   65    1     0      11     10      0  0.15523773E+02  0.00000000E+00 0.2210E-13      6
   66    1     0      12     11      0  0.16785098E+02  0.00000000E+00 0.6805E-14      5
   67    1     0      13     12      0  0.18044762E+02  0.00000000E+00 0.4541E-12      5
   68    1     0      14     13      0  0.19297044E+02  0.00000000E+00 0.2193E-13      5
   69    1     0      15     14      0  0.20541927E+02  0.00000000E+00 0.4382E-13      6
   70    1     0      16     15      0  0.21782660E+02  0.00000000E+00 0.3259E-12      6
   71    1     0      17     16      0  0.23026770E+02  0.00000000E+00 0.4613E-13      5
   72    1     0      18     17      0  0.24283663E+02  0.00000000E+00 0.4249E-12      5
   73    1     0      19     18      0  0.25557757E+02  0.00000000E+00 0.1885E-12      5
   74    1     0      20     19      0  0.26846966E+02  0.00000000E+00 0.1897E-13      5
  Time elapsed :      1.079 s

Starting search (non-adiabatic)

Finding roots
  Time elapsed :     45.923 s

Processing modes
   id    l     m    n_pg    n_p    n_g       Re(omega)       Im(omega)        chi n_iter
   35    1     0     -20      0     20  0.43253767E+00 -0.37508823E-07 0.4058E-07      6
   36    1     0     -19      0     19  0.44726096E+00 -0.35145955E-07 0.4907E-08      4
   37    1     0     -18      0     18  0.47460282E+00 -0.31952393E-07 0.9185E-08      6
   38    1     0     -17      0     17  0.50712335E+00 -0.25849447E-07 0.3009E-07      4
   39    1     0     -16      0     16  0.52802028E+00 -0.22218997E-07 0.9733E-07      5
   40    1     0     -15      0     15  0.56077451E+00 -0.20462976E-07 0.9709E-07      4
   41    1     0     -14      0     14  0.60901188E+00 -0.16562168E-07 0.4049E-07      8
   42    1     0     -13      0     13  0.64938952E+00 -0.13854725E-07 0.5454E-07      6
   43    1     0     -12      0     12  0.68811892E+00 -0.12277923E-07 0.1090E-06      4
   44    1     0     -11      0     11  0.76228029E+00 -0.96619282E-08 0.6261E-07      3
   45    1     0     -10      0     10  0.84169138E+00 -0.78946490E-08 0.1241E-06      6
   46    1     0      -9      0      9  0.89965214E+00 -0.67803850E-08 0.3373E-07      5
   47    1     0      -8      0      8  0.10254995E+01 -0.50043462E-08 0.1474E-06      7
   48    1     0      -7      0      7  0.11957789E+01 -0.37562885E-08 0.2152E-06      5
   49    1     0      -6      0      6  0.13134117E+01 -0.32368124E-08 0.1453E-06      5
   50    1     0      -5      0      5  0.15480980E+01 -0.24339738E-08 0.1111E-06      6
   51    1     0      -4      0      4  0.19787127E+01 -0.23544595E-08 0.1728E-06      6
   52    1     0      -3      0      3  0.24594911E+01 -0.27356989E-08 0.1948E-06      5
   53    1     0      -2      0      2  0.30598035E+01 -0.45559644E-07 0.9005E-06      7
   54    1     0      -1      0      1  0.36435870E+01 -0.40726056E-05 0.1274E-08      7
   55    1     0       1      1      1  0.46932183E+01 -0.19725309E-04 0.2325E-09      7
   56    1     0       2      2      1  0.57948253E+01  0.33198246E-05 0.8190E-10      8
   57    1     0       3      3      1  0.64414150E+01  0.37545164E-04 0.7485E-09     10
   58    1     0       4      4      1  0.71871496E+01  0.44742674E-03 0.4034E-10      6
   59    1     0       5      4      0  0.83355393E+01  0.20803688E-02 0.1903E-10      7
   60    1     0       6      5      0  0.94767521E+01  0.47152037E-02 0.1284E-10      8
   61    1     0       7      6      0  0.10622181E+02  0.47543913E-02 0.1337E-10      7
   62    1     0       8      7      0  0.11795696E+02 -0.18212056E-02 0.3376E-11      9
   63    1     0       9      8      0  0.12992991E+02 -0.16195116E-01 0.3787E-12      7
   64    1     0      10      9      0  0.14214646E+02 -0.36457629E-01 0.1401E-10     12
   65    1     0      11     10      0  0.15457897E+02 -0.60527734E-01 0.1635E-10      9
   66    1     0      12     11      0  0.16709428E+02 -0.87616102E-01 0.7969E-11      8
   67    1     0      13     12      0  0.17957961E+02 -0.11531314E+00 0.3604E-11     11
   68    1     0      14     13      0  0.19196889E+02 -0.13857642E+00 0.2629E-11     10
   69    1     0      15     14      0  0.20425689E+02 -0.15202642E+00 0.5378E-11     11
   70    1     0      16     15      0  0.21647212E+02 -0.15296348E+00 0.5201E-11     14
   71    1     0      17     16      0  0.22867671E+02 -0.14368139E+00 0.3065E-11      9
   72    1     0      18     17      0  0.24092794E+02 -0.13035930E+00 0.1128E-10     13
   73    1     0      20     19      0  0.26558153E+02 -0.10026412E+00 0.1280E-11     14
  Time elapsed :      2.444 s

Mode Search
-----------

Mode parameters
   l : 2
   m : 0

Building frequency grid (REAL axis)
   added scan interval :  0.2782E+00 ->  0.8710E+01 (1000 points, INVERSE)
   added scan interval :  0.8710E+01 ->  0.3105E+02 (1000 points, LINEAR)

Building spatial grid
   Scaffold grid from model
   Split 0 subinterval(s) in iteration 1
   Final grid has 1 segment(s) and 7114 point(s):
      Segment 1 : x range 0.0000 -> 1.0012 (1 -> 7114)

Starting search (adiabatic)

Scanning frequencies
  Time elapsed :    23.044 s

Finding roots
  Time elapsed :      4.630 s

Processing modes
   id    l     m    n_pg    n_p    n_g       Re(omega)       Im(omega)        chi n_iter
  113    2     0     -20      0     20  0.74616719E+00  0.00000000E+00 0.6771E-13      6
  114    2     0     -19      0     19  0.77122380E+00  0.00000000E+00 0.8643E-13      6
  115    2     0     -18      0     18  0.81702805E+00  0.00000000E+00 0.7191E-13      6
  116    2     0     -17      0     17  0.87303919E+00  0.00000000E+00 0.4861E-13      6
  117    2     0     -16      0     16  0.91016634E+00  0.00000000E+00 0.9541E-14      6
  118    2     0     -15      0     15  0.96351635E+00  0.00000000E+00 0.6725E-13      6
  119    2     0     -14      0     14  0.10453609E+01  0.00000000E+00 0.1037E-12      6
  120    2     0     -13      0     13  0.11177854E+01  0.00000000E+00 0.2886E-13      6
  121    2     0     -12      0     12  0.11798912E+01  0.00000000E+00 0.1128E-12      7
  122    2     0     -11      0     11  0.13035432E+01  0.00000000E+00 0.1793E-13      5
  123    2     0     -10      0     10  0.14428744E+01  0.00000000E+00 0.1926E-13      6
  124    2     0      -9      0      9  0.15383656E+01  0.00000000E+00 0.1159E-13      6
  125    2     0      -8      0      8  0.17410940E+01  0.00000000E+00 0.4347E-13      6
  126    2     0      -7      0      7  0.20266129E+01  0.00000000E+00 0.3212E-13      7
  127    2     0      -6      0      6  0.22317653E+01  0.00000000E+00 0.2679E-14      6
  128    2     0      -5      0      5  0.25695957E+01  0.00000000E+00 0.1255E-13      6
  129    2     0      -4      0      4  0.31384645E+01  0.00000000E+00 0.5870E-13      7
  130    2     0      -3      0      3  0.36288849E+01  0.00000000E+00 0.8556E-14      7
  131    2     0      -2      1      3  0.40779445E+01  0.00000000E+00 0.1641E-13      7
  132    2     0      -1      1      2  0.44634957E+01  0.00000000E+00 0.5476E-14      7
  133    2     0       0      2      2  0.51140035E+01  0.00000000E+00 0.2274E-13      8
  134    2     0       1      2      1  0.58332787E+01  0.00000000E+00 0.1390E-13      6
  135    2     0       2      3      1  0.66825550E+01  0.00000000E+00 0.2026E-14      5
  136    2     0       3      4      1  0.77540445E+01  0.00000000E+00 0.7165E-14      7
  137    2     0       4      5      1  0.88762521E+01  0.00000000E+00 0.4375E-13      7
  138    2     0       5      6      1  0.10007833E+02  0.00000000E+00 0.8218E-13      6
  139    2     0       6      7      1  0.11102458E+02  0.00000000E+00 0.6586E-13      7
  140    2     0       7      7      0  0.11383806E+02  0.00000000E+00 0.8530E-12     10
  141    2     0       8      8      0  0.12411261E+02  0.00000000E+00 0.8705E-13      6
  142    2     0       9      9      0  0.13628622E+02  0.00000000E+00 0.1130E-12      7
  143    2     0      10     10      0  0.14872841E+02  0.00000000E+00 0.1230E-12      5
  144    2     0      11     11      0  0.16133236E+02  0.00000000E+00 0.1120E-12      5
  145    2     0      12     12      0  0.17396651E+02  0.00000000E+00 0.1065E-12      5
  146    2     0      13     13      0  0.18654725E+02  0.00000000E+00 0.1098E-13      5
  147    2     0      14     14      0  0.19904528E+02  0.00000000E+00 0.2100E-12      5
  148    2     0      15     15      0  0.21147273E+02  0.00000000E+00 0.1384E-12      5
  149    2     0      16     16      0  0.22388581E+02  0.00000000E+00 0.5846E-12      6
  150    2     0      17     17      0  0.23637896E+02  0.00000000E+00 0.1963E-12      6
  151    2     0      18     18      0  0.24901998E+02  0.00000000E+00 0.4633E-12      5
  152    2     0      19     19      0  0.26182498E+02  0.00000000E+00 0.4433E-13      5
  153    2     0      20     20      0  0.27475408E+02  0.00000000E+00 0.5941E-13      5
  Time elapsed :      1.216 s

Starting search (non-adiabatic)

Finding roots
  Time elapsed :     50.515 s

Processing modes
   id    l     m    n_pg    n_p    n_g       Re(omega)       Im(omega)        chi n_iter
  113    2     0     -20      0     20  0.74616719E+00 -0.39946814E-07 0.1818E-07      5
  114    2     0     -19      0     19  0.77122380E+00 -0.36667492E-07 0.3044E-07      5
  115    2     0     -18      0     18  0.81702805E+00 -0.33950999E-07 0.5535E-07      5
  116    2     0     -17      0     17  0.87303919E+00 -0.27356314E-07 0.1880E-08      8
  117    2     0     -16      0     16  0.91016634E+00 -0.22906409E-07 0.1083E-06      5
  118    2     0     -15      0     15  0.96351635E+00 -0.21509485E-07 0.2315E-07      3
  119    2     0     -14      0     14  0.10453609E+01 -0.17423349E-07 0.2562E-07      4
  120    2     0     -13      0     13  0.11177854E+01 -0.14331038E-07 0.2776E-07      7
  121    2     0     -12      0     12  0.11798912E+01 -0.12890250E-07 0.8149E-07      4
  122    2     0     -11      0     11  0.13035432E+01 -0.10300876E-07 0.4845E-07      5
  123    2     0     -10      0     10  0.14428744E+01 -0.83421521E-08 0.3120E-07      6
  124    2     0      -9      0      9  0.15383656E+01 -0.73484799E-08 0.2078E-06      4
  125    2     0      -8      0      8  0.17410940E+01 -0.59569554E-08 0.1570E-06      4
  126    2     0      -7      0      7  0.20266129E+01 -0.53369044E-08 0.4610E-07      6
  127    2     0      -6      0      6  0.22317653E+01 -0.49409805E-08 0.1952E-06      5
  128    2     0      -5      0      5  0.25695957E+01 -0.15110686E-07 0.1541E-06      6
  129    2     0      -4      0      4  0.31384649E+01 -0.21652424E-06 0.4163E-07      5
  130    2     0      -3      0      3  0.36288898E+01 -0.22063991E-05 0.1094E-07      7
  131    2     0      -2      1      3  0.40779538E+01 -0.34214329E-05 0.4228E-08      7
  132    2     0      -1      1      2  0.44635194E+01 -0.70081576E-05 0.6389E-08      5
  133    2     0       0      2      2  0.51140944E+01 -0.14702752E-04 0.2048E-09     12
  134    2     0       1      2      1  0.58334621E+01  0.44093446E-05 0.6415E-09      8
  135    2     0       2      3      1  0.66830072E+01  0.16601212E-03 0.8542E-08      6
  136    2     0       3      4      1  0.77546174E+01  0.10155852E-02 0.1129E-08      8
  137    2     0       4      5      1  0.88749446E+01  0.32776331E-02 0.3501E-09      6
  138    2     0       5      6      1  0.99995682E+01  0.52796518E-02 0.3172E-09      9
  139    2     0       6      7      1  0.11088338E+02  0.22143702E-02 0.3581E-10     16
  140    2     0       7      7      0  0.11375971E+02  0.45500717E-03 0.6718E-09     13
  141    2     0       8      8      0  0.12375443E+02 -0.78002373E-02 0.2870E-10     14
  142    2     0       9      9      0  0.13578671E+02 -0.25367115E-01 0.4710E-10      9
  143    2     0      10     10      0  0.14811906E+02 -0.47661892E-01 0.4058E-10     12
  144    2     0      11     11      0  0.16062597E+02 -0.73442203E-01 0.1877E-10     14
  145    2     0      12     12      0  0.17315708E+02 -0.10135754E+00 0.1594E-10      9
  146    2     0      13     13      0  0.18561618E+02 -0.12770997E+00 0.8587E-11     10
  147    2     0      14     14      0  0.19796819E+02 -0.14673348E+00 0.2984E-11     10
  148    2     0      15     15      0  0.21022067E+02 -0.15407889E+00 0.1167E-10     11
  149    2     0      16     16      0  0.22242308E+02 -0.14937704E+00 0.1452E-11     13
  150    2     0      18     18      0  0.24691845E+02 -0.12355184E+00 0.1005E-11     15
  151    2     0      19     19      0  0.25923360E+02 -0.10908454E+00 0.3569E-12     11
  152    2     0      20     20      0  0.27157844E+02 -0.89945761E-01 0.7270E-12     14
  Time elapsed :      2.530 s

Mode Search
-----------

Mode parameters
   l : 3
   m : 0

Building frequency grid (REAL axis)
   added scan interval :  0.2782E+00 ->  0.8710E+01 (1000 points, INVERSE)
   added scan interval :  0.8710E+01 ->  0.3105E+02 (1000 points, LINEAR)

Building spatial grid
   Scaffold grid from model
   Split 0 subinterval(s) in iteration 1
   Final grid has 1 segment(s) and 7114 point(s):
      Segment 1 : x range 0.0000 -> 1.0012 (1 -> 7114)

Starting search (adiabatic)

Scanning frequencies
  Time elapsed :    22.768 s

Finding roots
  Time elapsed :      5.947 s

Processing modes
   id    l     m    n_pg    n_p    n_g       Re(omega)       Im(omega)        chi n_iter
  214    3     0     -20      0     20  0.10490629E+01  0.00000000E+00 0.7282E-13      6
  215    3     0     -19      0     19  0.10840896E+01  0.00000000E+00 0.1773E-13      6
  216    3     0     -18      0     18  0.11450602E+01  0.00000000E+00 0.4016E-13      6
  217    3     0     -17      0     17  0.12233473E+01  0.00000000E+00 0.3280E-13      6
  218    3     0     -16      0     16  0.12789464E+01  0.00000000E+00 0.1187E-12      6
  219    3     0     -15      0     15  0.13467112E+01  0.00000000E+00 0.3550E-13      6
  220    3     0     -14      0     14  0.14585021E+01  0.00000000E+00 0.4882E-13      6
  221    3     0     -13      0     13  0.15664868E+01  0.00000000E+00 0.1190E-13      6
  222    3     0     -12      0     12  0.16454620E+01  0.00000000E+00 0.5576E-13      7
  223    3     0     -11      0     11  0.18091308E+01  0.00000000E+00 0.3937E-13      6
  224    3     0     -10      0     10  0.20080604E+01  0.00000000E+00 0.9765E-15      7
  225    3     0      -9      0      9  0.21395553E+01  0.00000000E+00 0.1370E-13      6
  226    3     0      -8      0      8  0.23919323E+01  0.00000000E+00 0.5984E-14      5
  227    3     0      -7      0      7  0.27685589E+01  0.00000000E+00 0.2430E-13      7
  228    3     0      -6      0      6  0.30704922E+01  0.00000000E+00 0.1629E-13      7
  229    3     0      -5      0      5  0.33214940E+01  0.00000000E+00 0.7306E-13      6
  230    3     0      -4      0      4  0.36577097E+01  0.00000000E+00 0.5924E-14      7
  231    3     0      -3      1      4  0.42963229E+01  0.00000000E+00 0.4756E-13      7
  232    3     0      -2      1      3  0.46882072E+01  0.00000000E+00 0.3313E-14      6
  233    3     0      -1      2      3  0.55114779E+01  0.00000000E+00 0.1376E-14      7
  234    3     0       0      2      2  0.57625086E+01  0.00000000E+00 0.1554E-13      7
  235    3     0       1      2      1  0.64831401E+01  0.00000000E+00 0.1270E-13      8
  236    3     0       2      3      1  0.69712192E+01  0.00000000E+00 0.4699E-14      8
  237    3     0       3      4      1  0.81038293E+01  0.00000000E+00 0.1222E-13      7
  238    3     0       4      5      1  0.92584937E+01  0.00000000E+00 0.7019E-14      6
  239    3     0       5      6      1  0.10420045E+02  0.00000000E+00 0.1598E-12      6
  240    3     0       6      7      1  0.11614437E+02  0.00000000E+00 0.1204E-12      7
  241    3     0       7      8      1  0.12830944E+02  0.00000000E+00 0.5537E-12      6
  242    3     0       8      8      0  0.13617303E+02  0.00000000E+00 0.4430E-12      9
  243    3     0       9      9      0  0.14088894E+02  0.00000000E+00 0.1961E-12      6
  244    3     0      10     10      0  0.15341414E+02  0.00000000E+00 0.3577E-12      6
  245    3     0      11     11      0  0.16609306E+02  0.00000000E+00 0.1026E-12      6
  246    3     0      12     12      0  0.17876296E+02  0.00000000E+00 0.1562E-12      6
  247    3     0      13     13      0  0.19135541E+02  0.00000000E+00 0.2701E-12      5
  248    3     0      14     14      0  0.20386480E+02  0.00000000E+00 0.1245E-12      7
  249    3     0      15     15      0  0.21631858E+02  0.00000000E+00 0.3047E-12      5
  250    3     0      16     16      0  0.22878930E+02  0.00000000E+00 0.9779E-12      5
  251    3     0      17     17      0  0.24137597E+02  0.00000000E+00 0.2992E-13      5
  252    3     0      18     18      0  0.25412815E+02  0.00000000E+00 0.1418E-12      5
  253    3     0      19     19      0  0.26703243E+02  0.00000000E+00 0.5154E-13      5
  254    3     0      20     20      0  0.28003713E+02  0.00000000E+00 0.1283E-12      5
  Time elapsed :      1.280 s

Starting search (non-adiabatic)

Finding roots
  Time elapsed :     49.178 s

Processing modes
   id    l     m    n_pg    n_p    n_g       Re(omega)       Im(omega)        chi n_iter
  214    3     0     -20      0     20  0.10490629E+01 -0.43147446E-07 0.1761E-07      5
  215    3     0     -19      0     19  0.10840896E+01 -0.37843318E-07 0.5724E-07      5
  216    3     0     -18      0     18  0.11450602E+01 -0.36444915E-07 0.8721E-08      4
  217    3     0     -17      0     17  0.12233473E+01 -0.29432775E-07 0.6421E-07      6
  218    3     0     -16      0     16  0.12789464E+01 -0.23560284E-07 0.7857E-07      5
  219    3     0     -15      0     15  0.13467112E+01 -0.22844543E-07 0.3073E-07     10
  220    3     0     -14      0     14  0.14585021E+01 -0.18637165E-07 0.8365E-08      4
  221    3     0     -13      0     13  0.15664868E+01 -0.14927854E-07 0.4813E-07      5
  222    3     0     -12      0     12  0.16454620E+01 -0.13657000E-07 0.1062E-06      4
  223    3     0     -11      0     11  0.18091308E+01 -0.11373870E-07 0.1791E-06      5
  224    3     0     -10      0     10  0.20080604E+01 -0.93283816E-08 0.1641E-06      6
  225    3     0      -9      0      9  0.21395553E+01 -0.84132612E-08 0.2585E-06      4
  226    3     0      -8      0      8  0.23919323E+01 -0.99074187E-08 0.8632E-08      6
  227    3     0      -7      0      7  0.27685590E+01 -0.25528944E-07 0.7334E-07      4
  228    3     0      -6      0      6  0.30704923E+01 -0.64601959E-07 0.2084E-06      7
  229    3     0      -5      0      5  0.33214952E+01 -0.66293192E-06 0.2143E-07      5
  230    3     0      -4      0      4  0.36577128E+01 -0.13650144E-05 0.4813E-08      7
  231    3     0      -3      1      4  0.42963466E+01 -0.77287846E-05 0.1113E-07      9
  232    3     0      -2      1      3  0.46882421E+01 -0.87675331E-05 0.2946E-09     13
  233    3     0      -1      2      3  0.55115886E+01 -0.73839575E-05 0.1264E-08      8
  234    3     0       0      2      2  0.57626380E+01  0.27182437E-06 0.6944E-08      9
  235    3     0       1      2      1  0.64832725E+01  0.34957327E-04 0.1954E-09      7
  236    3     0       2      3      1  0.69717292E+01  0.28085513E-03 0.1341E-08      6
  237    3     0       3      4      1  0.81041965E+01  0.16165895E-02 0.6267E-09     11
  238    3     0       4      5      1  0.92554355E+01  0.42659114E-02 0.1590E-09     13
  239    3     0       5      6      1  0.10407654E+02  0.52006942E-02 0.3160E-10     12
  240    3     0       6      7      1  0.11587994E+02 -0.86502198E-04 0.3085E-10     11
  241    3     0       7      8      1  0.12789545E+02 -0.13298850E-01 0.1930E-10      8
  242    3     0       8      8      0  0.13615437E+02 -0.10617907E-02 0.1151E-10      7
  243    3     0       9      9      0  0.14035400E+02 -0.32573820E-01 0.1885E-10     11
  244    3     0      10     10      0  0.15276583E+02 -0.57094666E-01 0.8131E-11      8
  245    3     0      11     11      0  0.16534632E+02 -0.84160875E-01 0.3021E-10      8
  246    3     0      12     12      0  0.17790672E+02 -0.11225838E+00 0.1981E-11      9
  247    3     0      13     13      0  0.19036809E+02 -0.13662125E+00 0.5593E-12      9
  248    3     0      14     14      0  0.20271968E+02 -0.15160618E+00 0.2917E-12      8
  249    3     0      15     15      0  0.21498498E+02 -0.15401909E+00 0.3303E-11      9
  250    3     0      16     16      0  0.22722506E+02 -0.14556831E+00 0.1774E-11      9
  251    3     0      17     17      0  0.23950458E+02 -0.13231600E+00 0.1279E-11      9
  252    3     0      18     18      0  0.25183752E+02 -0.11839717E+00 0.3625E-12      9
  253    3     0      20     20      0  0.27660306E+02 -0.80055506E-01 0.4679E-12     15
  Time elapsed :      2.593 s

=== adiabatic (summary_ad.h5, windows from gyre_ad.in) ===
142 modes total, 4 l values requested

  l  count     n_pg range       freq range (c/d)   gaps
--------------------------------------------------------
  0     20      1 ..   20      8.787 ..   65.160      0
  1     40    -20 ..   20      1.073 ..   66.577      0
  2     41    -20 ..   20      1.850 ..   68.136      0
  3     41    -20 ..   20      2.602 ..   69.446      0

142 detail files, 7114 grid points in detail.l2.n+19.h5
dlnrho/dlnr from (As, V_2, Gamma_1) vs numerical
  median rel err 3.63e-07, 95th pct 7.94e-03

=== nonadiabatic (summary_nad.h5) ===

24 driven modes (gamma < 0) of 139
  driven n_pg range 0 .. 8,  freq 14.29 .. 28.21 c/d
  mostly p-modes, as expected for the kappa mechanism
  damping rates (dimensionless): 2.354e-09 .. 1.541e-01
  gamma covers 139 of 142 adiabatic modes (0 duplicate n_pg labels in the nad summary, harmless)
    no gamma: l =  1  n_pg =    19  63.3804 c/d
    no gamma: l =  2  n_pg =    17  58.6193 c/d
    no gamma: l =  3  n_pg =    19  66.2211 c/d
  pass require_gamma=True to build_mode_list to drop these

checks failed
