=== dsct_M1.85_T7555  (M=1.85, log g=4.010, MW23 Teff=7555) ===
    host=compute-1-23.local.tier3-atlas.uta.edu  cores=16  started Tue Aug 11 02:34:36 AM CDT 2026
    workdir=/net/nas-1-16/users/home2/txr7972/Stellar
    MESA_DIR=/net/nas-1-16/users/home2/txr7972/soft/mesa-26.04.1
    GYRE_DIR=/net/nas-1-16/users/home2/txr7972/soft/gyre-9.1.1

--- [dsct_M1.85_T7555] MESA
gfortran -Wno-uninitialized -fno-range-check -fmax-errors=7 -fdiagnostics-color  -fprotect-parens -fno-sign-zero -fbacktrace -ggdb -finit-real=snan -fopenmp -fbounds-check -Wuninitialized -Warray-bounds -ggdb -ffree-form -ffree-line-length-none -x f95-cpp-input -std=f2008 -Wno-error=tabs -I/net/nas-1-16/users/home2/txr7972/soft/mesa-26.04.1/include -I../src -c ../src/run_star_extras.f90
gfortran -Wno-uninitialized -fno-range-check -fmax-errors=7 -fdiagnostics-color  -fprotect-parens -fno-sign-zero -fbacktrace -ggdb -finit-real=snan -fopenmp -fbounds-check -Wuninitialized -Warray-bounds -ggdb -ffree-form -ffree-line-length-none -x f95-cpp-input -std=f2008 -Wno-error=tabs -I/net/nas-1-16/users/home2/txr7972/soft/mesa-26.04.1/include -I../src -c /net/nas-1-16/users/home2/txr7972/soft/mesa-26.04.1/star/job/run_star.f90
gfortran -Wno-uninitialized -fno-range-check -fmax-errors=7 -fdiagnostics-color  -fprotect-parens -fno-sign-zero -fbacktrace -ggdb -finit-real=snan -fopenmp -fbounds-check -Wuninitialized -Warray-bounds -ggdb -ffree-form -ffree-line-length-none -x f95-cpp-input -std=f2008 -Wno-error=tabs -I/net/nas-1-16/users/home2/txr7972/soft/mesa-26.04.1/include -I../src -c ../src/run.f90
gfortran -fopenmp -o ../star  run_star_extras.o run_star.o run.o  -L/net/nas-1-16/users/home2/txr7972/soft/mesa-26.04.1/lib -lstar -lstar_data -lgyre_mesa -lgyre -lionization -latm -lcolors -lturb -lnet -leos -lkap -lrates -lneu -lchem -linterp_2d -linterp_1d -lnum -lauto_diff -lforum -lmtx -lconst -lmath -lutils `mesasdk_crmath_link` `mesasdk_lapack95_link` `mesasdk_lapack_link` `mesasdk_blas_link` `mesasdk_hdf5_link`  `mesasdk_pgplot_link` -lz 
DATE: 2026-08-11
TIME: 02:34:44
 reading user weak rate file /net/nas-1-16/users/home2/txr7972/soft/mesa-26.04.1/data/rates_data/rate_tables/S13_r_be7_wk_li7.h5
 version_number r26.4.1
 read inlist_project


 The terminal output contains the following information

      'step' is the number of steps since the start of the run,
      'lg_dt' is log10 timestep in years,
      'age_yr' is the simulated years since the start run,
      'lg_Tcntr' is log10 center temperature (K),
      'lg_Dcntr' is log10 center density (g/cm^3),
      'lg_Tmax' is log10 max temperature (K),
      'Teff' is the surface temperature (K),
      'lg_R' is log10 surface radius (Rsun),
      'lg_L' is log10 surface luminosity (Lsun),
      'lg_LH' is log10 total PP and CNO hydrogen burning power (Lsun),
      'lg_L3a' is log10 total triple-alpha helium burning power (Lsun),
      'lg_gsurf' is log10 surface gravity,
      'lg_Lnuc' is log10 nuclear power (Lsun),
      'lg_Lneu' is log10 total neutrino power (Lsun),
      'lg_Lphoto' is log10 total photodisintegration (Lsun),
      'Mass' is the total stellar baryonic mass (Msun),
      'lg_Mdot' is log10 magnitude of rate of change of mass (Msun/year),
      'lg_Dsurf' is log10 surface density (g/cm^3),
      'H_env' is the amount of mass where H is dominant,
      'He_core' is the largest mass where He is dominant.
      'CO_core' is the largest mass where CO is dominant.
      'H_cntr' is the center H1 mass fraction,
      'He_cntr' is the center He4 mass fraction,
      'C_cntr' is the center C12 mass fraction,
      'N_cntr' is the center N14 mass fraction,
      'O_cntr' is the center O16 mass fraction,
      'Ne_cntr' is the center Ne20 mass fraction,
      'gam_cntr' is the center plasma interaction parameter,
      'eta_cntr' is the center electron degeneracy parameter,
      'zones' is the number of zones in the current model,
      'iters' is the number of solver iterations for the current step,
      'retry' is the number of step retries required during the run,
      'dt_limit' is an indication of what limited the timestep.

 All this and more are saved in the LOGS directory during the run.
 create pre-main-sequence model
                                          species  mass          25    1.8500000000000001D+00

                                        relax_num_steps         300

 hydro_solver_step returned ierr          -1
 s% model_number           1
 nz        1570
 s% num_retries           0

 retry:  logT > hydro_mtx_max_allowed_logT         344       1
         50   5.477164   4580.713 -21.898035 -21.898035   1.850000   1.850000   0.700000   0.001035   0.280000  -9.238570   5974      1
-5.0000E+00   5.476744   1.726002 -99.000000 -22.542042 -99.000000   0.000000   0.280000   0.008572   0.020000   0.047995      3
 4.8482E-04  -3.817754   3.050430 -99.000000 -99.000000  -8.399266   0.000000   0.003501   0.001867   0.020000  0.000E+00        max_dt

        100   5.477165   4341.933 -21.898034 -21.898034   1.850000   1.850000   0.700000   0.001035   0.280000  -9.238570   5966      1
-5.0000E+00   5.476745   1.725125 -99.000000 -22.542041 -99.000000   0.000000   0.280000   0.008572   0.020000   0.047995      3
 9.8482E-04  -3.817754   2.955676 -99.000000 -99.000000  -8.375175   0.000000   0.003501   0.001867   0.020000  0.000E+00        max_dt

        150   5.477165   4216.493 -21.898033 -21.898033   1.850000   1.850000   0.700000   0.001035   0.280000  -9.238570   5966      1
-5.0000E+00   5.476745   1.724528 -99.000000 -22.542040 -99.000000   0.000000   0.280000   0.008572   0.020000   0.047995      3
 1.4848E-03  -3.817754   2.903555 -99.000000 -99.000000  -8.352659   0.000000   0.003501   0.001867   0.020000  0.000E+00        max_dt

        200   5.477165   4136.856 -21.898031 -21.898031   1.850000   1.850000   0.700000   0.001035   0.280000  -9.238570   5969      1
-5.0000E+00   5.476745   1.724078 -99.000000 -22.542038 -99.000000   0.000000   0.280000   0.008572   0.020000   0.047995      2
 1.9848E-03  -3.817754   2.869531 -99.000000 -99.000000  -8.333999   0.000000   0.003501   0.001867   0.020000  0.000E+00        max_dt
